Component: ARM Compiler 5.05 update 1 (build 106) Tool: armlink [4d0efa]

==============================================================================

Section Cross References

    system_stm32f10x.o(i.SystemCoreClockUpdate) refers to system_stm32f10x.o(.data) for .data
    system_stm32f10x.o(i.SystemInit) refers to system_stm32f10x.o(i.SetSysClockTo72) for SetSysClockTo72
    stm32f10x_rcc.o(i.RCC_GetClocksFreq) refers to stm32f10x_rcc.o(.data) for .data
    stm32f10x_rcc.o(i.RCC_WaitForHSEStartUp) refers to stm32f10x_rcc.o(i.RCC_GetFlagStatus) for RCC_GetFlagStatus
    stm32f10x_flash.o(i.FLASH_EnableWriteProtection) refers to stm32f10x_flash.o(i.FLASH_WaitForLastOperation) for FLASH_WaitForLastOperation
    stm32f10x_flash.o(i.FLASH_EraseAllBank1Pages) refers to stm32f10x_flash.o(i.FLASH_WaitForLastBank1Operation) for FLASH_WaitForLastBank1Operation
    stm32f10x_flash.o(i.FLASH_EraseAllPages) refers to stm32f10x_flash.o(i.FLASH_WaitForLastOperation) for FLASH_WaitForLastOperation
    stm32f10x_flash.o(i.FLASH_EraseOptionBytes) refers to stm32f10x_flash.o(i.FLASH_GetReadOutProtectionStatus) for FLASH_GetReadOutProtectionStatus
    stm32f10x_flash.o(i.FLASH_EraseOptionBytes) refers to stm32f10x_flash.o(i.FLASH_WaitForLastOperation) for FLASH_WaitForLastOperation
    stm32f10x_flash.o(i.FLASH_ErasePage) refers to stm32f10x_flash.o(i.FLASH_WaitForLastOperation) for FLASH_WaitForLastOperation
    stm32f10x_flash.o(i.FLASH_ProgramHalfWord) refers to stm32f10x_flash.o(i.FLASH_WaitForLastOperation) for FLASH_WaitForLastOperation
    stm32f10x_flash.o(i.FLASH_ProgramOptionByteData) refers to stm32f10x_flash.o(i.FLASH_WaitForLastOperation) for FLASH_WaitForLastOperation
    stm32f10x_flash.o(i.FLASH_ProgramWord) refers to stm32f10x_flash.o(i.FLASH_WaitForLastOperation) for FLASH_WaitForLastOperation
    stm32f10x_flash.o(i.FLASH_ReadOutProtection) refers to stm32f10x_flash.o(i.FLASH_WaitForLastOperation) for FLASH_WaitForLastOperation
    stm32f10x_flash.o(i.FLASH_UserOptionByteConfig) refers to stm32f10x_flash.o(i.FLASH_WaitForLastOperation) for FLASH_WaitForLastOperation
    stm32f10x_flash.o(i.FLASH_WaitForLastBank1Operation) refers to stm32f10x_flash.o(i.FLASH_GetBank1Status) for FLASH_GetBank1Status
    stm32f10x_flash.o(i.FLASH_WaitForLastOperation) refers to stm32f10x_flash.o(i.FLASH_GetBank1Status) for FLASH_GetBank1Status
    stm32f10x_gpio.o(i.GPIO_AFIODeInit) refers to stm32f10x_rcc.o(i.RCC_APB2PeriphResetCmd) for RCC_APB2PeriphResetCmd
    stm32f10x_gpio.o(i.GPIO_DeInit) refers to stm32f10x_rcc.o(i.RCC_APB2PeriphResetCmd) for RCC_APB2PeriphResetCmd
    stm32f10x_spi.o(i.I2S_Init) refers to stm32f10x_rcc.o(i.RCC_GetClocksFreq) for RCC_GetClocksFreq
    stm32f10x_spi.o(i.SPI_I2S_DeInit) refers to stm32f10x_rcc.o(i.RCC_APB2PeriphResetCmd) for RCC_APB2PeriphResetCmd
    stm32f10x_spi.o(i.SPI_I2S_DeInit) refers to stm32f10x_rcc.o(i.RCC_APB1PeriphResetCmd) for RCC_APB1PeriphResetCmd
    stm32f10x_tim.o(i.TIM_DeInit) refers to stm32f10x_rcc.o(i.RCC_APB1PeriphResetCmd) for RCC_APB1PeriphResetCmd
    stm32f10x_tim.o(i.TIM_DeInit) refers to stm32f10x_rcc.o(i.RCC_APB2PeriphResetCmd) for RCC_APB2PeriphResetCmd
    stm32f10x_tim.o(i.TIM_ETRClockMode1Config) refers to stm32f10x_tim.o(i.TIM_ETRConfig) for TIM_ETRConfig
    stm32f10x_tim.o(i.TIM_ETRClockMode2Config) refers to stm32f10x_tim.o(i.TIM_ETRConfig) for TIM_ETRConfig
    stm32f10x_tim.o(i.TIM_ICInit) refers to stm32f10x_tim.o(i.TI1_Config) for TI1_Config
    stm32f10x_tim.o(i.TIM_ICInit) refers to stm32f10x_tim.o(i.TIM_SetIC1Prescaler) for TIM_SetIC1Prescaler
    stm32f10x_tim.o(i.TIM_ICInit) refers to stm32f10x_tim.o(i.TI2_Config) for TI2_Config
    stm32f10x_tim.o(i.TIM_ICInit) refers to stm32f10x_tim.o(i.TIM_SetIC2Prescaler) for TIM_SetIC2Prescaler
    stm32f10x_tim.o(i.TIM_ICInit) refers to stm32f10x_tim.o(i.TIM_SetIC3Prescaler) for TIM_SetIC3Prescaler
    stm32f10x_tim.o(i.TIM_ICInit) refers to stm32f10x_tim.o(i.TIM_SetIC4Prescaler) for TIM_SetIC4Prescaler
    stm32f10x_tim.o(i.TIM_ITRxExternalClockConfig) refers to stm32f10x_tim.o(i.TIM_SelectInputTrigger) for TIM_SelectInputTrigger
    stm32f10x_tim.o(i.TIM_PWMIConfig) refers to stm32f10x_tim.o(i.TI2_Config) for TI2_Config
    stm32f10x_tim.o(i.TIM_PWMIConfig) refers to stm32f10x_tim.o(i.TIM_SetIC2Prescaler) for TIM_SetIC2Prescaler
    stm32f10x_tim.o(i.TIM_PWMIConfig) refers to stm32f10x_tim.o(i.TI1_Config) for TI1_Config
    stm32f10x_tim.o(i.TIM_PWMIConfig) refers to stm32f10x_tim.o(i.TIM_SetIC1Prescaler) for TIM_SetIC1Prescaler
    stm32f10x_tim.o(i.TIM_TIxExternalClockConfig) refers to stm32f10x_tim.o(i.TI1_Config) for TI1_Config
    stm32f10x_tim.o(i.TIM_TIxExternalClockConfig) refers to stm32f10x_tim.o(i.TIM_SelectInputTrigger) for TIM_SelectInputTrigger
    stm32f10x_tim.o(i.TIM_TIxExternalClockConfig) refers to stm32f10x_tim.o(i.TI2_Config) for TI2_Config
    stm32f10x_usart.o(i.USART_DeInit) refers to stm32f10x_rcc.o(i.RCC_APB2PeriphResetCmd) for RCC_APB2PeriphResetCmd
[...]
    i.USART_ITConfig                         0x08002a7e   Section        0  stm32f10x_usart.o(i.USART_ITConfig)
    i.USART_Init                             0x08002ab0   Section        0  stm32f10x_usart.o(i.USART_Init)
    i.USART_ReceiveData                      0x08002b5c   Section        0  stm32f10x_usart.o(i.USART_ReceiveData)
    i.USART_SendData                         0x08002b64   Section        0  stm32f10x_usart.o(i.USART_SendData)
    i.UsageFault_Handler                     0x08002b6c   Section        0  stm32f10x_it.o(i.UsageFault_Handler)
    i.Write_IIC_Byte                         0x08002b70   Section        0  oled.o(i.Write_IIC_Byte)
    i.Write_IIC_Command                      0x08002bc4   Section        0  oled.o(i.Write_IIC_Command)
    i.Write_IIC_Data                         0x08002bf2   Section        0  oled.o(i.Write_IIC_Data)
    i.__0printf                              0x08002c20   Section        0  printfa.o(i.__0printf)
    i.__0snprintf                            0x08002c40   Section        0  printfa.o(i.__0snprintf)
    i.__0sprintf                             0x08002c68   Section        0  printfa.o(i.__0sprintf)
    i.__scatterload_copy                     0x08002c90   Section       14  handlers.o(i.__scatterload_copy)
    i.__scatterload_null                     0x08002c9e   Section        2  handlers.o(i.__scatterload_null)
    i.__scatterload_zeroinit                 0x08002ca0   Section       14  handlers.o(i.__scatterload_zeroinit)
    i._fp_digits                             0x08002cb0   Section        0  printfa.o(i._fp_digits)
    _fp_digits                               0x08002cb1   Thumb Code   334  printfa.o(i._fp_digits)
    i._printf_core                           0x08002e14   Section        0  printfa.o(i._printf_core)
    _printf_core                             0x08002e15   Thumb Code  1744  printfa.o(i._printf_core)
    i._printf_post_padding                   0x080034f0   Section        0  printfa.o(i._printf_post_padding)
    _printf_post_padding                     0x080034f1   Thumb Code    36  printfa.o(i._printf_post_padding)
    i._printf_pre_padding                    0x08003514   Section        0  printfa.o(i._printf_pre_padding)
    _printf_pre_padding                      0x08003515   Thumb Code    46  printfa.o(i._printf_pre_padding)
    i._snputc                                0x08003542   Section        0  printfa.o(i._snputc)
    _snputc                                  0x08003543   Thumb Code    22  printfa.o(i._snputc)
    i._sputc                                 0x08003558   Section        0  printfa.o(i._sputc)
    _sputc                                   0x08003559   Thumb Code    10  printfa.o(i._sputc)
    i.bsp_InitDWT                            0x08003564   Section        0  bsp_dwt.o(i.bsp_InitDWT)
    i.bufchar                                0x08003588   Section        0  mqttpacket.o(i.bufchar)
    i.cfinish                                0x080035a8   Section        0  pub0sub1.o(i.cfinish)
    i.check_esp8266_status                   0x080035c4   Section        0  esp8266_handler.o(i.check_esp8266_status)
    i.delay_init                             0x08003690   Section        0  delay.o(i.delay_init)
    i.delay_ms                               0x080036cc   Section        0  delay.o(i.delay_ms)
    i.esp8266_cmd_handle                     0x08003700   Section        0  esp8266_handler.o(i.esp8266_cmd_handle)
    i.fputc                                  0x08003730   Section        0  bsp_printf.o(i.fputc)
    i.getTcpConnect                          0x08003734   Section        0  esp8266_handler.o(i.getTcpConnect)
    i.main                                   0x080037e0   Section        0  main.o(i.main)
    i.net_device_send_cmd                    0x080039d0   Section        0  esp8266_handler.o(i.net_device_send_cmd)
    i.oled_pow                               0x08003a10   Section        0  oled.o(i.oled_pow)
    i.prvAddCurrentTaskToDelayedList         0x08003a20   Section        0  tasks.o(i.prvAddCurrentTaskToDelayedList)
    prvAddCurrentTaskToDelayedList           0x08003a21   Thumb Code    48  tasks.o(i.prvAddCurrentTaskToDelayedList)
    i.prvCheckForValidListAndQueue           0x08003a54   Section        0  timers.o(i.prvCheckForValidListAndQueue)
    prvCheckForValidListAndQueue             0x08003a55   Thumb Code    54  timers.o(i.prvCheckForValidListAndQueue)
    i.prvCheckTasksWaitingTermination        0x08003a94   Section        0  tasks.o(i.prvCheckTasksWaitingTermination)
    prvCheckTasksWaitingTermination          0x08003a95   Thumb Code    80  tasks.o(i.prvCheckTasksWaitingTermination)
    i.prvCopyDataFromQueue                   0x08003aec   Section        0  queue.o(i.prvCopyDataFromQueue)
    prvCopyDataFromQueue                     0x08003aed   Thumb Code    38  queue.o(i.prvCopyDataFromQueue)
    i.prvCopyDataToQueue                     0x08003b12   Section        0  queue.o(i.prvCopyDataToQueue)
    prvCopyDataToQueue                       0x08003b13   Thumb Code   110  queue.o(i.prvCopyDataToQueue)
    i.prvIdleTask                            0x08003b80   Section        0  tasks.o(i.prvIdleTask)
    prvIdleTask                              0x08003b81   Thumb Code    18  tasks.o(i.prvIdleTask)
    i.prvInsertTimerInActiveList             0x08003b98   Section        0  timers.o(i.prvInsertTimerInActiveList)
    prvInsertTimerInActiveList               0x08003b99   Thumb Code    52  timers.o(i.prvInsertTimerInActiveList)
    i.prvListTaskWithinSingleList            0x08003bd0   Section        0  tasks.o(i.prvListTaskWithinSingleList)
    prvListTaskWithinSingleList              0x08003bd1   Thumb Code   138  tasks.o(i.prvListTaskWithinSingleList)
    i.prvProcessReceivedCommands             0x08003c5c   Section        0  timers.o(i.prvProcessReceivedCommands)
    prvProcessReceivedCommands               0x08003c5d   Thumb Code   148  timers.o(i.prvProcessReceivedCommands)
    i.prvProcessTimerOrBlockTask             0x08003cf4   Section        0  timers.o(i.prvProcessTimerOrBlockTask)
    prvProcessTimerOrBlockTask               0x08003cf5   Thumb Code   144  timers.o(i.prvProcessTimerOrBlockTask)
    i.prvResetNextTaskUnblockTime            0x08003d88   Section        0  tasks.o(i.prvResetNextTaskUnblockTime)
    prvResetNextTaskUnblockTime              0x08003d89   Thumb Code    26  tasks.o(i.prvResetNextTaskUnblockTime)
    i.prvSampleTimeNow                       0x08003da8   Section        0  timers.o(i.prvSampleTimeNow)
    prvSampleTimeNow                         0x08003da9   Thumb Code    36  timers.o(i.prvSampleTimeNow)
    i.prvSwitchTimerLists                    0x08003dd0   Section        0  timers.o(i.prvSwitchTimerLists)
    prvSwitchTimerLists                      0x08003dd1   Thumb Code    84  timers.o(i.prvSwitchTimerLists)
    i.prvTaskExitError                       0x08003e28   Section        0  port.o(i.prvTaskExitError)
    prvTaskExitError                         0x08003e29   Thumb Code     6  port.o(i.prvTaskExitError)
    i.prvTimerTask                           0x08003e30   Section        0  timers.o(i.prvTimerTask)
    prvTimerTask                             0x08003e31   Thumb Code    34  timers.o(i.prvTimerTask)
    i.prvUnlockQueue                         0x08003e58   Section        0  queue.o(i.prvUnlockQueue)
    prvUnlockQueue                           0x08003e59   Thumb Code   100  queue.o(i.prvUnlockQueue)
    i.pvPortMalloc                           0x08003ebc   Section        0  heap_2.o(i.pvPortMalloc)
    i.pvTaskIncrementMutexHeldCount          0x08003f70   Section        0  tasks.o(i.pvTaskIncrementMutexHeldCount)
    i.pxPortInitialiseStack                  0x08003f88   Section        0  port.o(i.pxPortInitialiseStack)
    i.readChar                               0x08003fa8   Section        0  mqttpacket.o(i.readChar)
    i.readInt                                0x08003fb4   Section        0  mqttpacket.o(i.readInt)
    i.readMQTTLenString                      0x08003fc6   Section        0  mqttpacket.o(i.readMQTTLenString)
    i.stop_init                              0x08003ffc   Section        0  pub0sub1.o(i.stop_init)
    i.transport_close                        0x08004018   Section        0  transport.o(i.transport_close)
    i.transport_getdata                      0x0800402c   Section        0  transport.o(i.transport_getdata)
    i.transport_sendPacketBuffer             0x08004032   Section        0  transport.o(i.transport_sendPacketBuffer)
    i.uxListRemove                           0x0800405a   Section        0  list.o(i.uxListRemove)
    i.uxTaskGetSystemState                   0x08004080   Section        0  tasks.o(i.uxTaskGetSystemState)
    i.vAnalysisUartData                      0x08004118   Section        0  esp8266_handler.o(i.vAnalysisUartData)
    i.vCollectSensorTask                     0x08004214   Section        0  main.o(i.vCollectSensorTask)
    i.vEsp8266_Main_Task                     0x08004250   Section        0  esp8266_handler.o(i.vEsp8266_Main_Task)
    i.vKEYTask                               0x08004420   Section        0  bsp_key_exti.o(i.vKEYTask)
    i.vKEYTask2                              0x08004454   Section        0  bsp_key_exti.o(i.vKEYTask2)
    i.vListInitialise                        0x08004478   Section        0  list.o(i.vListInitialise)
    i.vListInitialiseItem                    0x0800448e   Section        0  list.o(i.vListInitialiseItem)
    i.vListInsert                            0x08004494   Section        0  list.o(i.vListInsert)
    i.vListInsertEnd                         0x080044c4   Section        0  list.o(i.vListInsertEnd)
    i.vMQTT_Handler_Task                     0x080044dc   Section        0  pub0sub1.o(i.vMQTT_Handler_Task)
    i.vMQTT_Recive_Task                      0x08004620   Section        0  pub0sub1.o(i.vMQTT_Recive_Task)
    i.vPortEnterCritical                     0x08004808   Section        0  port.o(i.vPortEnterCritical)
    i.vPortExitCritical                      0x08004824   Section        0  port.o(i.vPortExitCritical)
    i.vPortFree                              0x08004838   Section        0  heap_2.o(i.vPortFree)
    i.vPortSetupTimerInterrupt               0x08004874   Section        0  port.o(i.vPortSetupTimerInterrupt)
    i.vPortYield                             0x08004888   Section        0  port.o(i.vPortYield)
    i.vQueueWaitForMessageRestricted         0x080048a0   Section        0  queue.o(i.vQueueWaitForMessageRestricted)
    i.vTaskDelay                             0x080048dc   Section        0  tasks.o(i.vTaskDelay)
    i.vTaskList                              0x08004924   Section        0  tasks.o(i.vTaskList)
    i.vTaskMissedYield                       0x080049e8   Section        0  tasks.o(i.vTaskMissedYield)
    i.vTaskPlaceOnEventList                  0x080049f4   Section        0  tasks.o(i.vTaskPlaceOnEventList)
    i.vTaskPlaceOnEventListRestricted        0x08004a44   Section        0  tasks.o(i.vTaskPlaceOnEventListRestricted)
    i.vTaskPriorityInherit                   0x08004a94   Section        0  tasks.o(i.vTaskPriorityInherit)
    i.vTaskSetTimeOutState                   0x08004b18   Section        0  tasks.o(i.vTaskSetTimeOutState)
    i.vTaskStartScheduler                    0x08004b28   Section        0  tasks.o(i.vTaskStartScheduler)
    i.vTaskSuspendAll                        0x08004b78   Section        0  tasks.o(i.vTaskSuspendAll)
    i.vTaskSwitchContext                     0x08004b88   Section        0  tasks.o(i.vTaskSwitchContext)
    i.writeCString                           0x08004bcc   Section        0  mqttpacket.o(i.writeCString)
    i.writeChar                              0x08004bf4   Section        0  mqttpacket.o(i.writeChar)
    i.writeInt                               0x08004c00   Section        0  mqttpacket.o(i.writeInt)
    i.writeMQTTString                        0x08004c1e   Section        0  mqttpacket.o(i.writeMQTTString)
    i.xPortGetFreeHeapSize                   0x08004c54   Section        0  heap_2.o(i.xPortGetFreeHeapSize)
    i.xPortStartScheduler                    0x08004c60   Section        0  port.o(i.xPortStartScheduler)
    i.xQueueGenericCreate                    0x08004c90   Section        0  queue.o(i.xQueueGenericCreate)
    i.xQueueGenericReceive                   0x08004cd8   Section        0  queue.o(i.xQueueGenericReceive)
    i.xQueueGenericReset                     0x08004de4   Section        0  queue.o(i.xQueueGenericReset)
    i.xQueueGenericSend                      0x08004e44   Section        0  queue.o(i.xQueueGenericSend)
    i.xQueueGenericSendFromISR               0x08004f24   Section        0  queue.o(i.xQueueGenericSendFromISR)
    i.xTaskCheckForTimeOut                   0x08004f88   Section        0  tasks.o(i.xTaskCheckForTimeOut)
    i.xTaskGenericCreate                     0x08004fd0   Section        0  tasks.o(i.xTaskGenericCreate)
    i.xTaskGetSchedulerState                 0x0800514c   Section        0  tasks.o(i.xTaskGetSchedulerState)
    i.xTaskGetTickCount                      0x08005168   Section        0  tasks.o(i.xTaskGetTickCount)
    i.xTaskIncrementTick                     0x08005174   Section        0  tasks.o(i.xTaskIncrementTick)
    i.xTaskPriorityDisinherit                0x08005228   Section        0  tasks.o(i.xTaskPriorityDisinherit)
    i.xTaskRemoveFromEventList               0x08005298   Section        0  tasks.o(i.xTaskRemoveFromEventList)
    i.xTaskResumeAll                         0x080052fc   Section        0  tasks.o(i.xTaskResumeAll)
    i.xTimerCreate                           0x0800539c   Section        0  timers.o(i.xTimerCreate)
    i.xTimerCreateTimerTask                  0x080053d8   Section        0  timers.o(i.xTimerCreateTimerTask)
    i.xTimerGenericCommand                   0x08005418   Section        0  timers.o(i.xTimerGenericCommand)
    .constdata                               0x08005460   Section     2072  oled.o(.constdata)
    .constdata                               0x08005c78   Section       88  pub0sub1.o(.constdata)
    .data                                    0x20000000   Section       20  system_stm32f10x.o(.data)
    .data                                    0x20000014   Section       20  stm32f10x_rcc.o(.data)
    ADCPrescTable                            0x20000014   Data           4  stm32f10x_rcc.o(.data)
    APBAHBPrescTable                         0x20000018   Data          16  stm32f10x_rcc.o(.data)
    .data                                    0x20000028   Section       24  heap_2.o(.data)
    xFreeBytesRemaining                      0x20000028   Data           4  heap_2.o(.data)
    xHeapHasBeenInitialised                  0x2000002c   Data           4  heap_2.o(.data)
    xStart                                   0x20000030   Data           8  heap_2.o(.data)
    xEnd                                     0x20000038   Data           8  heap_2.o(.data)
    .data                                    0x20000040   Section        4  port.o(.data)
    uxCriticalNesting                        0x20000040   Data           4  port.o(.data)
    .data                                    0x20000044   Section       56  tasks.o(.data)
    uxTasksDeleted                           0x20000048   Data           4  tasks.o(.data)
    uxCurrentNumberOfTasks                   0x2000004c   Data           4  tasks.o(.data)
    xTickCount                               0x20000050   Data           4  tasks.o(.data)
    uxTopReadyPriority                       0x20000054   Data           4  tasks.o(.data)
    xSchedulerRunning                        0x20000058   Data           4  tasks.o(.data)
    uxPendedTicks                            0x2000005c   Data           4  tasks.o(.data)
    xYieldPending                            0x20000060   Data           4  tasks.o(.data)
    xNumOfOverflows                          0x20000064   Data           4  tasks.o(.data)
    uxTaskNumber                             0x20000068   Data           4  tasks.o(.data)
    xNextTaskUnblockTime                     0x2000006c   Data           4  tasks.o(.data)
    uxSchedulerSuspended                     0x20000070   Data           4  tasks.o(.data)
    pxDelayedTaskList                        0x20000074   Data           4  tasks.o(.data)
    pxOverflowDelayedTaskList                0x20000078   Data           4  tasks.o(.data)
    .data                                    0x2000007c   Section       16  timers.o(.data)
    xTimerQueue                              0x2000007c   Data           4  timers.o(.data)
    xLastTime                                0x20000080   Data           4  timers.o(.data)
    pxCurrentTimerList                       0x20000084   Data           4  timers.o(.data)
    pxOverflowTimerList                      0x20000088   Data           4  timers.o(.data)
    .data                                    0x2000008c   Section        4  bsp_usart1.o(.data)
    .data                                    0x20000090   Section       16  bsp_key_exti.o(.data)
    g_OneShotTimer_Handle                    0x20000090   Data           4  bsp_key_exti.o(.data)
    g_OneLongTimer_Handle                    0x20000094   Data           4  bsp_key_exti.o(.data)
    g_key1_exti_callback                     0x20000098   Data           4  bsp_key_exti.o(.data)
    g_key2_exti_callback                     0x2000009c   Data           4  bsp_key_exti.o(.data)
    .data                                    0x200000a0   Section     1248  oled.o(.data)
    .data                                    0x20000580   Section        4  esp8266_handler.o(.data)
    .data                                    0x20000584   Section       10  esp8266_handler.o(.data)
    oldlen                                   0x20000584   Data           1  esp8266_handler.o(.data)
    ConfigCnt                                0x20000588   Data           2  esp8266_handler.o(.data)
    esp_error_t                              0x2000058a   Data           4  esp8266_handler.o(.data)
    .data                                    0x20000590   Section        4  mqttpacket.o(.data)
    bufptr                                   0x20000590   Data           4  mqttpacket.o(.data)
    .data                                    0x20000594   Section       92  pub0sub1.o(.data)
    g_transmit                               0x20000594   Data           1  pub0sub1.o(.data)
    i                                        0x20000596   Data           1  pub0sub1.o(.data)
    .data                                    0x200005f0   Section        8  main.o(.data)
    .data                                    0x200005f8   Section        4  delay.o(.data)
    fac_us                                   0x200005f8   Data           1  delay.o(.data)
    fac_ms                                   0x200005fa   Data           2  delay.o(.data)
    .data                                    0x200005fc   Section        4  stdout.o(.data)
    .bss                                     0x20000600   Section    30720  heap_2.o(.bss)
    ucHeap                                   0x20000600   Data       30720  heap_2.o(.bss)
    .bss                                     0x20007e00   Section      300  tasks.o(.bss)
    pxReadyTasksLists                        0x20007e00   Data         200  tasks.o(.bss)
    xDelayedTaskList1                        0x20007ec8   Data          20  tasks.o(.bss)
    xDelayedTaskList2                        0x20007edc   Data          20  tasks.o(.bss)
    xPendingReadyList                        0x20007ef0   Data          20  tasks.o(.bss)
    xTasksWaitingTermination                 0x20007f04   Data          20  tasks.o(.bss)
    xSuspendedTaskList                       0x20007f18   Data          20  tasks.o(.bss)
    .bss                                     0x20007f2c   Section       40  timers.o(.bss)
    xActiveTimerList1                        0x20007f2c   Data          20  timers.o(.bss)
    xActiveTimerList2                        0x20007f40   Data          20  timers.o(.bss)
    .bss                                     0x20007f54   Section      256  bsp_usart1.o(.bss)
    .bss                                     0x20008054   Section      536  esp8266_handler.o(.bss)
    LONG_CLIENT_ID                           0x2000811c   Data          32  esp8266_handler.o(.bss)
    .bss                                     0x2000826c   Section      572  pub0sub1.o(.bss)
    MQTT_TOPIC_PUB                           0x2000826c   Data          64  pub0sub1.o(.bss)
    MQTT_TOPIC                               0x200082b8   Data          64  pub0sub1.o(.bss)
    CLIENT_ID                                0x200082f8   Data          32  pub0sub1.o(.bss)
    buf                                      0x20008318   Data         200  pub0sub1.o(.bss)
    meassage                                 0x200083e0   Data         200  pub0sub1.o(.bss)
    .bss                                     0x200084a8   Section       24  signal.o(.bss)
    __sigvector                              0x200084a8   Data          24  signal.o(.bss)
    STACK                                    0x200084c0   Section     1024  startup_stm32f10x_hd.o(STACK)

    Global Symbols

    Symbol Name                              Value     Ov Type        Size  Object(Section)

    BuildAttributes$$THM_ISAv4$P$D$K$B$S$PE$A:L22UL41UL21$X:L11$S22US41US21$IEEE1$IW$USESV6$~STKCKD$USESV7$~SHL$OSPACE$ROPI$EBA8$MICROLIB$REQ8$PRES8$EABIv2 0x00000000   Number         0  anon$$obj.o ABSOLUTE
    __ARM_use_no_argv                        0x00000000   Number         0  main.o ABSOLUTE
    _printf_a                                0x00000000   Number         0  stubs.o ABSOLUTE
    _printf_c                                0x00000000   Number         0  stubs.o ABSOLUTE
    _printf_charcount                        0x00000000   Number         0  stubs.o ABSOLUTE
    _printf_d                                0x00000000   Number         0  stubs.o ABSOLUTE
    _printf_e                                0x00000000   Number         0  stubs.o ABSOLUTE
    _printf_f                                0x00000000   Number         0  stubs.o ABSOLUTE
    _printf_flags                            0x00000000   Number         0  stubs.o ABSOLUTE
    _printf_fp_dec                           0x00000000   Number         0  stubs.o ABSOLUTE
    _printf_fp_hex                           0x00000000   Number         0  stubs.o ABSOLUTE
    _printf_g                                0x00000000   Number         0  stubs.o ABSOLUTE
    _printf_i                                0x00000000   Number         0  stubs.o ABSOLUTE
    _printf_int_dec                          0x00000000   Number         0  stubs.o ABSOLUTE
    _printf_l                                0x00000000   Number         0  stubs.o ABSOLUTE
    _printf_lc                               0x00000000   Number         0  stubs.o ABSOLUTE
    _printf_ll                               0x00000000   Number         0  stubs.o ABSOLUTE
    _printf_lld                              0x00000000   Number         0  stubs.o ABSOLUTE
    _printf_lli                              0x00000000   Number         0  stubs.o ABSOLUTE
    _printf_llo                              0x00000000   Number         0  stubs.o ABSOLUTE
    _printf_llu                              0x00000000   Number         0  stubs.o ABSOLUTE
    _printf_llx                              0x00000000   Number         0  stubs.o ABSOLUTE
    _printf_longlong_dec                     0x00000000   Number         0  stubs.o ABSOLUTE
    _printf_longlong_hex                     0x00000000   Number         0  stubs.o ABSOLUTE
    _printf_longlong_oct                     0x00000000   Number         0  stubs.o ABSOLUTE
    _printf_ls                               0x00000000   Number         0  stubs.o ABSOLUTE
    _printf_mbtowc                           0x00000000   Number         0  stubs.o ABSOLUTE
    _printf_n                                0x00000000   Number         0  stubs.o ABSOLUTE
    _printf_o                                0x00000000   Number         0  stubs.o ABSOLUTE
    _printf_p                                0x00000000   Number         0  stubs.o ABSOLUTE
    _printf_percent                          0x00000000   Number         0  stubs.o ABSOLUTE
    _printf_pre_padding                      0x00000000   Number         0  stubs.o ABSOLUTE
    _printf_return_value                     0x00000000   Number         0  stubs.o ABSOLUTE
    _printf_s                                0x00000000   Number         0  stubs.o ABSOLUTE
    _printf_sizespec                         0x00000000   Number         0  stubs.o ABSOLUTE
    _printf_str                              0x00000000   Number         0  stubs.o ABSOLUTE
    _printf_truncate_signed                  0x00000000   Number         0  stubs.o ABSOLUTE
    _printf_truncate_unsigned                0x00000000   Number         0  stubs.o ABSOLUTE
    _printf_u                                0x00000000   Number         0  stubs.o ABSOLUTE
    _printf_wc                               0x00000000   Number         0  stubs.o ABSOLUTE
    _printf_wctomb                           0x00000000   Number         0  stubs.o ABSOLUTE
    _printf_widthprec                        0x00000000   Number         0  stubs.o ABSOLUTE
    _printf_x                                0x00000000   Number         0  stubs.o ABSOLUTE
    __cpp_initialize__aeabi_                  - Undefined Weak Reference
    __cxa_finalize                            - Undefined Weak Reference
    _clock_init                               - Undefined Weak Reference
    _microlib_exit                            - Undefined Weak Reference
    __Vectors_Size                           0x00000130   Number         0  startup_stm32f10x_hd.o ABSOLUTE
    __Vectors                                0x08000000   Data           4  startup_stm32f10x_hd.o(RESET)
    __Vectors_End                            0x08000130   Data           0  startup_stm32f10x_hd.o(RESET)
    __main                                   0x08000131   Thumb Code     0  entry.o(.ARM.Collect$$$$00000000)
    _main_stk                                0x08000131   Thumb Code     0  entry2.o(.ARM.Collect$$$$00000001)
    _main_scatterload                        0x08000135   Thumb Code     0  entry5.o(.ARM.Collect$$$$00000004)
    __main_after_scatterload                 0x08000139   Thumb Code     0  entry5.o(.ARM.Collect$$$$00000004)
    _main_clock                              0x08000139   Thumb Code     0  entry7b.o(.ARM.Collect$$$$00000008)
    _main_cpp_init                           0x08000139   Thumb Code     0  entry8b.o(.ARM.Collect$$$$0000000A)
    _main_init                               0x08000139   Thumb Code     0  entry9a.o(.ARM.Collect$$$$0000000B)
    __rt_final_cpp                           0x08000141   Thumb Code     0  entry10a.o(.ARM.Collect$$$$0000000D)
    __rt_final_exit                          0x08000141   Thumb Code     0  entry11a.o(.ARM.Collect$$$$0000000F)
    SVC_Handler                              0x08000145   Thumb Code    32  port.o(.emb_text)
    __asm___6_port_c_39a90d8d__prvStartFirstTask 0x08000169   Thumb Code    28  port.o(.emb_text)
    PendSV_Handler                           0x08000189   Thumb Code    64  port.o(.emb_text)
    ulPortSetInterruptMask                   0x080001cd   Thumb Code    14  port.o(.emb_text)
    vPortClearInterruptMask                  0x080001db   Thumb Code     6  port.o(.emb_text)
    vPortGetIPSR                             0x080001e1   Thumb Code     6  port.o(.emb_text)
    Reset_Handler                            0x080001e9   Thumb Code     8  startup_stm32f10x_hd.o(.text)
    ADC1_2_IRQHandler                        0x08000203   Thumb Code     0  startup_stm32f10x_hd.o(.text)
    ADC3_IRQHandler                          0x08000203   Thumb Code     0  startup_stm32f10x_hd.o(.text)
    CAN1_RX1_IRQHandler                      0x08000203   Thumb Code     0  startup_stm32f10x_hd.o(.text)
    CAN1_SCE_IRQHandler                      0x08000203   Thumb Code     0  startup_stm32f10x_hd.o(.text)
    DMA1_Channel1_IRQHandler                 0x08000203   Thumb Code     0  startup_stm32f10x_hd.o(.text)
    DMA1_Channel2_IRQHandler                 0x08000203   Thumb Code     0  startup_stm32f10x_hd.o(.text)
    DMA1_Channel3_IRQHandler                 0x08000203   Thumb Code     0  startup_stm32f10x_hd.o(.text)
    DMA1_Channel4_IRQHandler                 0x08000203   Thumb Code     0  startup_stm32f10x_hd.o(.text)
    DMA1_Channel5_IRQHandler                 0x08000203   Thumb Code     0  startup_stm32f10x_hd.o(.text)
    DMA1_Channel6_IRQHandler                 0x08000203   Thumb Code     0  startup_stm32f10x_hd.o(.text)
    DMA1_Channel7_IRQHandler                 0x08000203   Thumb Code     0  startup_stm32f10x_hd.o(.text)
    DMA2_Channel1_IRQHandler                 0x08000203   Thumb Code     0  startup_stm32f10x_hd.o(.text)
    DMA2_Channel2_IRQHandler                 0x08000203   Thumb Code     0  startup_stm32f10x_hd.o(.text)
    DMA2_Channel3_IRQHandler                 0x08000203   Thumb Code     0  startup_stm32f10x_hd.o(.text)
    DMA2_Channel4_5_IRQHandler               0x08000203   Thumb Code     0  startup_stm32f10x_hd.o(.text)
    EXTI15_10_IRQHandler                     0x08000203   Thumb Code     0  startup_stm32f10x_hd.o(.text)
    EXTI1_IRQHandler                         0x08000203   Thumb Code     0  startup_stm32f10x_hd.o(.text)
    EXTI2_IRQHandler                         0x08000203   Thumb Code     0  startup_stm32f10x_hd.o(.text)
    EXTI3_IRQHandler                         0x08000203   Thumb Code     0  startup_stm32f10x_hd.o(.text)
    EXTI4_IRQHandler                         0x08000203   Thumb Code     0  startup_stm32f10x_hd.o(.text)
    EXTI9_5_IRQHandler                       0x08000203   Thumb Code     0  startup_stm32f10x_hd.o(.text)
    FLASH_IRQHandler                         0x08000203   Thumb Code     0  startup_stm32f10x_hd.o(.text)
    FSMC_IRQHandler                          0x08000203   Thumb Code     0  startup_stm32f10x_hd.o(.text)
    I2C1_ER_IRQHandler                       0x08000203   Thumb Code     0  startup_stm32f10x_hd.o(.text)
    I2C1_EV_IRQHandler                       0x08000203   Thumb Code     0  startup_stm32f10x_hd.o(.text)
    I2C2_ER_IRQHandler                       0x08000203   Thumb Code     0  startup_stm32f10x_hd.o(.text)
    I2C2_EV_IRQHandler                       0x08000203   Thumb Code     0  startup_stm32f10x_hd.o(.text)
    PVD_IRQHandler                           0x08000203   Thumb Code     0  startup_stm32f10x_hd.o(.text)
    RCC_IRQHandler                           0x08000203   Thumb Code     0  startup_stm32f10x_hd.o(.text)
    RTCAlarm_IRQHandler                      0x08000203   Thumb Code     0  startup_stm32f10x_hd.o(.text)
    RTC_IRQHandler                           0x08000203   Thumb Code     0  startup_stm32f10x_hd.o(.text)
    SDIO_IRQHandler                          0x08000203   Thumb Code     0  startup_stm32f10x_hd.o(.text)
    SPI1_IRQHandler                          0x08000203   Thumb Code     0  startup_stm32f10x_hd.o(.text)
    SPI2_IRQHandler                          0x08000203   Thumb Code     0  startup_stm32f10x_hd.o(.text)
    SPI3_IRQHandler                          0x08000203   Thumb Code     0  startup_stm32f10x_hd.o(.text)
    TAMPER_IRQHandler                        0x08000203   Thumb Code     0  startup_stm32f10x_hd.o(.text)
    TIM1_BRK_IRQHandler                      0x08000203   Thumb Code     0  startup_stm32f10x_hd.o(.text)
    TIM1_CC_IRQHandler                       0x08000203   Thumb Code     0  startup_stm32f10x_hd.o(.text)
    TIM1_TRG_COM_IRQHandler                  0x08000203   Thumb Code     0  startup_stm32f10x_hd.o(.text)
    TIM1_UP_IRQHandler                       0x08000203   Thumb Code     0  startup_stm32f10x_hd.o(.text)
    TIM2_IRQHandler                          0x08000203   Thumb Code     0  startup_stm32f10x_hd.o(.text)
    TIM3_IRQHandler                          0x08000203   Thumb Code     0  startup_stm32f10x_hd.o(.text)
    TIM4_IRQHandler                          0x08000203   Thumb Code     0  startup_stm32f10x_hd.o(.text)
    TIM5_IRQHandler                          0x08000203   Thumb Code     0  startup_stm32f10x_hd.o(.text)
    TIM6_IRQHandler                          0x08000203   Thumb Code     0  startup_stm32f10x_hd.o(.text)
    TIM7_IRQHandler                          0x08000203   Thumb Code     0  startup_stm32f10x_hd.o(.text)
    TIM8_BRK_IRQHandler                      0x08000203   Thumb Code     0  startup_stm32f10x_hd.o(.text)
    TIM8_CC_IRQHandler                       0x08000203   Thumb Code     0  startup_stm32f10x_hd.o(.text)
    TIM8_TRG_COM_IRQHandler                  0x08000203   Thumb Code     0  startup_stm32f10x_hd.o(.text)
    TIM8_UP_IRQHandler                       0x08000203   Thumb Code     0  startup_stm32f10x_hd.o(.text)
    UART4_IRQHandler                         0x08000203   Thumb Code     0  startup_stm32f10x_hd.o(.text)
    UART5_IRQHandler                         0x08000203   Thumb Code     0  startup_stm32f10x_hd.o(.text)
    USART3_IRQHandler                        0x08000203   Thumb Code     0  startup_stm32f10x_hd.o(.text)
    USBWakeUp_IRQHandler                     0x08000203   Thumb Code     0  startup_stm32f10x_hd.o(.text)
    USB_HP_CAN1_TX_IRQHandler                0x08000203   Thumb Code     0  startup_stm32f10x_hd.o(.text)
    USB_LP_CAN1_RX0_IRQHandler               0x08000203   Thumb Code     0  startup_stm32f10x_hd.o(.text)
    WWDG_IRQHandler                          0x08000203   Thumb Code     0  startup_stm32f10x_hd.o(.text)
    signal                                   0x0800020d   Thumb Code    24  signal.o(.text)
    raise                                    0x08000225   Thumb Code    34  signal.o(.text)
    __aeabi_memcpy                           0x0800024d   Thumb Code    36  memcpya.o(.text)
    __aeabi_memcpy4                          0x0800024d   Thumb Code     0  memcpya.o(.text)
    __aeabi_memcpy8                          0x0800024d   Thumb Code     0  memcpya.o(.text)
    __aeabi_memset                           0x08000271   Thumb Code    14  memseta.o(.text)
    __aeabi_memset4                          0x08000271   Thumb Code     0  memseta.o(.text)
    __aeabi_memset8                          0x08000271   Thumb Code     0  memseta.o(.text)
    __aeabi_memclr                           0x0800027f   Thumb Code     4  memseta.o(.text)
    __aeabi_memclr4                          0x0800027f   Thumb Code     0  memseta.o(.text)
    __aeabi_memclr8                          0x0800027f   Thumb Code     0  memseta.o(.text)
    _memset$wrapper                          0x08000283   Thumb Code    18  memseta.o(.text)
    strstr                                   0x08000295   Thumb Code    36  strstr.o(.text)
    strlen                                   0x080002b9   Thumb Code    14  strlen.o(.text)
    strcpy                                   0x080002c7   Thumb Code    18  strcpy.o(.text)
    __aeabi_f2d                              0x080002d9   Thumb Code    38  f2d.o(.text)
    __aeabi_uidiv                            0x080002ff   Thumb Code     0  uidiv.o(.text)
    __aeabi_uidivmod                         0x080002ff   Thumb Code    44  uidiv.o(.text)
    __aeabi_uldivmod                         0x0800032b   Thumb Code    98  uldiv.o(.text)
    __I$use$fp                               0x0800038d   Thumb Code     0  iusefp.o(.text)
    __aeabi_dadd                             0x0800038d   Thumb Code   322  dadd.o(.text)
    __aeabi_dsub                             0x080004cf   Thumb Code     6  dadd.o(.text)
    __aeabi_drsub                            0x080004d5   Thumb Code     6  dadd.o(.text)
    __aeabi_dmul                             0x080004db   Thumb Code   228  dmul.o(.text)
    __aeabi_ddiv                             0x080005bf   Thumb Code   222  ddiv.o(.text)
    __aeabi_d2ulz                            0x0800069d   Thumb Code    48  dfixul.o(.text)
    __aeabi_cdrcmple                         0x080006cd   Thumb Code    48  cdrcmple.o(.text)
    __scatterload                            0x080006fd   Thumb Code    28  init.o(.text)
    __scatterload_rt2                        0x080006fd   Thumb Code     0  init.o(.text)
    __aeabi_llsl                             0x08000721   Thumb Code    30  llshl.o(.text)
    _ll_shift_l                              0x08000721   Thumb Code     0  llshl.o(.text)
    __aeabi_llsr                             0x0800073f   Thumb Code    32  llushr.o(.text)
    _ll_ushift_r                             0x0800073f   Thumb Code     0  llushr.o(.text)
    __aeabi_lasr                             0x0800075f   Thumb Code    36  llsshr.o(.text)
    _ll_sshift_r                             0x0800075f   Thumb Code     0  llsshr.o(.text)
    _double_round                            0x08000783   Thumb Code    30  depilogue.o(.text)
    _double_epilogue                         0x080007a1   Thumb Code   156  depilogue.o(.text)
    __decompress                             0x0800083d   Thumb Code     0  __dczerorl2.o(.text)
    __decompress1                            0x0800083d   Thumb Code    86  __dczerorl2.o(.text)
    BSP_Init                                 0x08000895   Thumb Code    96  bsp.o(i.BSP_Init)
    BusFault_Handler                         0x080009b1   Thumb Code     2  stm32f10x_it.o(i.BusFault_Handler)
    COMMON_Show_Info                         0x080009b5   Thumb Code    64  bsp.o(i.COMMON_Show_Info)
    ConnectTcp                               0x08000aa1   Thumb Code    30  esp8266_handler.o(i.ConnectTcp)
    DHT11_Check                              0x08000b35   Thumb Code    90  dht11.o(i.DHT11_Check)
    DHT11_Init                               0x08000b99   Thumb Code    56  dht11.o(i.DHT11_Init)
    DHT11_Read_Bit                           0x08000bd5   Thumb Code    70  dht11.o(i.DHT11_Read_Bit)
    DHT11_Read_Byte                          0x08000c21   Thumb Code    26  dht11.o(i.DHT11_Read_Byte)
    DHT11_Read_Data                          0x08000c3b   Thumb Code    80  dht11.o(i.DHT11_Read_Data)
    DHT11_Rst                                0x08000c8d   Thumb Code    52  dht11.o(i.DHT11_Rst)
    DMA_Cmd                                  0x08000cc9   Thumb Code    22  stm32f10x_dma.o(i.DMA_Cmd)
    DMA_DeInit                               0x08000ce1   Thumb Code   218  stm32f10x_dma.o(i.DMA_DeInit)
    DMA_GetCurrDataCounter                   0x08000dc5   Thumb Code     6  stm32f10x_dma.o(i.DMA_GetCurrDataCounter)
    DMA_Init                                 0x08000dcb   Thumb Code    58  stm32f10x_dma.o(i.DMA_Init)
    DMA_SetCurrDataCounter                   0x08000e05   Thumb Code     4  stm32f10x_dma.o(i.DMA_SetCurrDataCounter)
    DebugMon_Handler                         0x08000e09   Thumb Code     2  stm32f10x_it.o(i.DebugMon_Handler)
    DelayUs                                  0x08000e0b   Thumb Code    18  bsp_delay.o(i.DelayUs)
    DelayXms                                 0x08000e1d   Thumb Code    22  bsp_delay.o(i.DelayXms)
    EXTI0_IRQHandler                         0x08000e35   Thumb Code    88  bsp_key_exti.o(i.EXTI0_IRQHandler)
    EXTI_ClearITPendingBit                   0x08000e91   Thumb Code     6  stm32f10x_exti.o(i.EXTI_ClearITPendingBit)
    EXTI_GetITStatus                         0x08000e9d   Thumb Code    28  stm32f10x_exti.o(i.EXTI_GetITStatus)
    EXTI_Init                                0x08000ebd   Thumb Code   108  stm32f10x_exti.o(i.EXTI_Init)
    Esp8266_GetTcpStatus                     0x08000f2d   Thumb Code    14  esp8266_handler.o(i.Esp8266_GetTcpStatus)
    Esp8266_Tcp_Send                         0x08000f41   Thumb Code    54  esp8266_handler.o(i.Esp8266_Tcp_Send)
    GPIO_EXTILineConfig                      0x08000f8d   Thumb Code    34  stm32f10x_gpio.o(i.GPIO_EXTILineConfig)
    GPIO_Init                                0x08000fb5   Thumb Code   156  stm32f10x_gpio.o(i.GPIO_Init)
    GPIO_PinRemapConfig                      0x08001051   Thumb Code    82  stm32f10x_gpio.o(i.GPIO_PinRemapConfig)
    GPIO_ReadInputDataBit                    0x080010a9   Thumb Code    14  stm32f10x_gpio.o(i.GPIO_ReadInputDataBit)
    GPIO_ResetBits                           0x080010b7   Thumb Code     4  stm32f10x_gpio.o(i.GPIO_ResetBits)
    GPIO_SetBits                             0x080010bb   Thumb Code     4  stm32f10x_gpio.o(i.GPIO_SetBits)
    HardFault_Handler                        0x080010c1   Thumb Code    26  stm32f10x_it.o(i.HardFault_Handler)
    IIC_Start                                0x0800110d   Thumb Code    46  oled.o(i.IIC_Start)
    IIC_Stop                                 0x08001141   Thumb Code    38  oled.o(i.IIC_Stop)
    IIC_Wait_Ack                             0x0800116d   Thumb Code    28  oled.o(i.IIC_Wait_Ack)
    KEY_EXTI_Config                          0x0800118d   Thumb Code    90  bsp_key_exti.o(i.KEY_EXTI_Config)
    KEY_Init                                 0x080011ed   Thumb Code    52  bsp_key_exti.o(i.KEY_Init)
    LED_Config                               0x08001239   Thumb Code   136  bsp_led.o(i.LED_Config)
    MQTTDeserialize_connack                  0x080012cd   Thumb Code    92  mqttconnectclient.o(i.MQTTDeserialize_connack)
    MQTTDeserialize_publish                  0x08001329   Thumb Code   138  mqttdeserializepublish.o(i.MQTTDeserialize_publish)
    MQTTDeserialize_suback                   0x080013b3   Thumb Code   124  mqttsubscribeclient.o(i.MQTTDeserialize_suback)
    MQTTPacket_decode                        0x0800142f   Thumb Code    54  mqttpacket.o(i.MQTTPacket_decode)
    MQTTPacket_decodeBuf                     0x08001465   Thumb Code    10  mqttpacket.o(i.MQTTPacket_decodeBuf)
    MQTTPacket_encode                        0x08001479   Thumb Code    40  mqttpacket.o(i.MQTTPacket_encode)
    MQTTPacket_len                           0x080014a1   Thumb Code    34  mqttpacket.o(i.MQTTPacket_len)
    MQTTPacket_read                          0x080014c9   Thumb Code    78  mqttpacket.o(i.MQTTPacket_read)
    MQTTSerialize_connect                    0x08001519   Thumb Code   262  mqttconnectclient.o(i.MQTTSerialize_connect)
    MQTTSerialize_connectLength              0x08001631   Thumb Code   118  mqttconnectclient.o(i.MQTTSerialize_connectLength)
    MQTTSerialize_publish                    0x080016a7   Thumb Code   134  mqttserializepublish.o(i.MQTTSerialize_publish)
    MQTTSerialize_publishLength              0x0800172d   Thumb Code    30  mqttserializepublish.o(i.MQTTSerialize_publishLength)
    MQTTSerialize_subscribe                  0x0800174b   Thumb Code   140  mqttsubscribeclient.o(i.MQTTSerialize_subscribe)
    MQTTSerialize_subscribeLength            0x080017d7   Thumb Code    44  mqttsubscribeclient.o(i.MQTTSerialize_subscribeLength)
    MQTT_Connect                             0x08001805   Thumb Code   152  pub0sub1.o(i.MQTT_Connect)
    MQTT_GetConnected                        0x08001971   Thumb Code    12  pub0sub1.o(i.MQTT_GetConnected)
    MQTT_Init                                0x08001981   Thumb Code    88  pub0sub1.o(i.MQTT_Init)
    MQTT_Publish                             0x08001a55   Thumb Code    84  pub0sub1.o(i.MQTT_Publish)
    MQTT_RB_Read                             0x08001af1   Thumb Code    98  esp8266_handler.o(i.MQTT_RB_Read)
    MQTT_Read                                0x08001b5d   Thumb Code   170  pub0sub1.o(i.MQTT_Read)
    MQTT_Subscribe                           0x08001cc5   Thumb Code   114  pub0sub1.o(i.MQTT_Subscribe)
    MQTTstrlen                               0x08001da9   Thumb Code    14  mqttpacket.o(i.MQTTstrlen)
    MemManage_Handler                        0x08001db7   Thumb Code     2  stm32f10x_it.o(i.MemManage_Handler)
    MqttHandle                               0x08001db9   Thumb Code    14  pub0sub1.o(i.MqttHandle)
    MqttTranmitTask                          0x08001dc9   Thumb Code   106  pub0sub1.o(i.MqttTranmitTask)
    MqttXqueueGreat                          0x08001ea5   Thumb Code    36  pub0sub1.o(i.MqttXqueueGreat)
    NMI_Handler                              0x08001f15   Thumb Code     2  stm32f10x_it.o(i.NMI_Handler)
    NVIC_Init                                0x08001f19   Thumb Code    94  misc.o(i.NVIC_Init)
    NVIC_PriorityGroupConfig                 0x08001f7d   Thumb Code    10  misc.o(i.NVIC_PriorityGroupConfig)
    OLED_Clear                               0x08001fad   Thumb Code    58  oled.o(i.OLED_Clear)
    OLED_DrawBMP                             0x08001fe7   Thumb Code    64  oled.o(i.OLED_DrawBMP)
    OLED_Init                                0x08002029   Thumb Code   312  oled.o(i.OLED_Init)
    OLED_Set_Pos                             0x08002169   Thumb Code    42  oled.o(i.OLED_Set_Pos)
    OLED_ShowCHinese                         0x08002195   Thumb Code    74  oled.o(i.OLED_ShowCHinese)
    OLED_ShowChar                            0x080021e5   Thumb Code   128  oled.o(i.OLED_ShowChar)
    OLED_ShowNum                             0x0800226d   Thumb Code   106  oled.o(i.OLED_ShowNum)
    OLED_ShowString                          0x080022d7   Thumb Code    54  oled.o(i.OLED_ShowString)
    OLED_WR_Byte                             0x0800230d   Thumb Code    12  oled.o(i.OLED_WR_Byte)
    RCC_AHBPeriphClockCmd                    0x08002319   Thumb Code    18  stm32f10x_rcc.o(i.RCC_AHBPeriphClockCmd)
    RCC_APB1PeriphClockCmd                   0x08002331   Thumb Code    18  stm32f10x_rcc.o(i.RCC_APB1PeriphClockCmd)
    RCC_APB2PeriphClockCmd                   0x08002349   Thumb Code    18  stm32f10x_rcc.o(i.RCC_APB2PeriphClockCmd)
    RCC_GetClocksFreq                        0x08002361   Thumb Code   132  stm32f10x_rcc.o(i.RCC_GetClocksFreq)
    ReadChipID                               0x080023f5   Thumb Code    28  bsp.o(i.ReadChipID)
    ReconfigWIFI                             0x08002425   Thumb Code   102  esp8266_handler.o(i.ReconfigWIFI)
    SetLedConnectNet                         0x0800254d   Thumb Code    20  bsp_led.o(i.SetLedConnectNet)
    SignHandler                              0x0800260d   Thumb Code     8  pub0sub1.o(i.SignHandler)
    SysTick_CLKSourceConfig                  0x08002629   Thumb Code    24  misc.o(i.SysTick_CLKSourceConfig)
    SysTick_Handler                          0x08002641   Thumb Code    30  port.o(i.SysTick_Handler)
    SystemInit                               0x08002665   Thumb Code    64  system_stm32f10x.o(i.SystemInit)
    USART1_IRQHandler                        0x080026b5   Thumb Code    46  bsp_usart1.o(i.USART1_IRQHandler)
    USART1_Init                              0x080026e9   Thumb Code   160  bsp_usart1.o(i.USART1_Init)
    USART1_SendChar                          0x08002791   Thumb Code    30  bsp_usart1.o(i.USART1_SendChar)
    USART2_IRQHandler                        0x080027b5   Thumb Code   184  bsp_usart1.o(i.USART2_IRQHandler)
    USART2_Init                              0x0800287d   Thumb Code   268  bsp_usart1.o(i.USART2_Init)
    USART2_Send                              0x0800299d   Thumb Code    44  bsp_usart1.o(i.USART2_Send)
    USART2_SendData                          0x080029cd   Thumb Code    44  bsp_usart1.o(i.USART2_SendData)
    USART_ClearFlag                          0x080029fd   Thumb Code     6  stm32f10x_usart.o(i.USART_ClearFlag)
    USART_ClearITPendingBit                  0x08002a03   Thumb Code    12  stm32f10x_usart.o(i.USART_ClearITPendingBit)
    USART_Cmd                                0x08002a0f   Thumb Code    20  stm32f10x_usart.o(i.USART_Cmd)
    USART_DMACmd                             0x08002a23   Thumb Code    16  stm32f10x_usart.o(i.USART_DMACmd)
    USART_GetFlagStatus                      0x08002a33   Thumb Code    14  stm32f10x_usart.o(i.USART_GetFlagStatus)
    USART_GetITStatus                        0x08002a41   Thumb Code    62  stm32f10x_usart.o(i.USART_GetITStatus)
    USART_ITConfig                           0x08002a7f   Thumb Code    48  stm32f10x_usart.o(i.USART_ITConfig)
    USART_Init                               0x08002ab1   Thumb Code   166  stm32f10x_usart.o(i.USART_Init)
    USART_ReceiveData                        0x08002b5d   Thumb Code     8  stm32f10x_usart.o(i.USART_ReceiveData)
    USART_SendData                           0x08002b65   Thumb Code     8  stm32f10x_usart.o(i.USART_SendData)
    UsageFault_Handler                       0x08002b6d   Thumb Code     2  stm32f10x_it.o(i.UsageFault_Handler)
    Write_IIC_Byte                           0x08002b71   Thumb Code    80  oled.o(i.Write_IIC_Byte)
    Write_IIC_Command                        0x08002bc5   Thumb Code    46  oled.o(i.Write_IIC_Command)
    Write_IIC_Data                           0x08002bf3   Thumb Code    46  oled.o(i.Write_IIC_Data)
    __0printf                                0x08002c21   Thumb Code    22  printfa.o(i.__0printf)
    __1printf                                0x08002c21   Thumb Code     0  printfa.o(i.__0printf)
    __2printf                                0x08002c21   Thumb Code     0  printfa.o(i.__0printf)
    __c89printf                              0x08002c21   Thumb Code     0  printfa.o(i.__0printf)
    printf                                   0x08002c21   Thumb Code     0  printfa.o(i.__0printf)
    __0snprintf                              0x08002c41   Thumb Code    36  printfa.o(i.__0snprintf)
    __1snprintf                              0x08002c41   Thumb Code     0  printfa.o(i.__0snprintf)
    __2snprintf                              0x08002c41   Thumb Code     0  printfa.o(i.__0snprintf)
    __c89snprintf                            0x08002c41   Thumb Code     0  printfa.o(i.__0snprintf)
    snprintf                                 0x08002c41   Thumb Code     0  printfa.o(i.__0snprintf)
    __0sprintf                               0x08002c69   Thumb Code    34  printfa.o(i.__0sprintf)
    __1sprintf                               0x08002c69   Thumb Code     0  printfa.o(i.__0sprintf)
    __2sprintf                               0x08002c69   Thumb Code     0  printfa.o(i.__0sprintf)
    __c89sprintf                             0x08002c69   Thumb Code     0  printfa.o(i.__0sprintf)
    sprintf                                  0x08002c69   Thumb Code     0  printfa.o(i.__0sprintf)
    __scatterload_copy                       0x08002c91   Thumb Code    14  handlers.o(i.__scatterload_copy)
    __scatterload_null                       0x08002c9f   Thumb Code     2  handlers.o(i.__scatterload_null)
    __scatterload_zeroinit                   0x08002ca1   Thumb Code    14  handlers.o(i.__scatterload_zeroinit)
    bsp_InitDWT                              0x08003565   Thumb Code    26  bsp_dwt.o(i.bsp_InitDWT)
    bufchar                                  0x08003589   Thumb Code    28  mqttpacket.o(i.bufchar)
    cfinish                                  0x080035a9   Thumb Code    18  pub0sub1.o(i.cfinish)
    check_esp8266_status                     0x080035c5   Thumb Code   112  esp8266_handler.o(i.check_esp8266_status)
    delay_init                               0x08003691   Thumb Code    46  delay.o(i.delay_init)
    delay_ms                                 0x080036cd   Thumb Code    46  delay.o(i.delay_ms)
    esp8266_cmd_handle                       0x08003701   Thumb Code    42  esp8266_handler.o(i.esp8266_cmd_handle)
    fputc                                    0x08003731   Thumb Code     4  bsp_printf.o(i.fputc)
    getTcpConnect                            0x08003735   Thumb Code    60  esp8266_handler.o(i.getTcpConnect)
    main                                     0x080037e1   Thumb Code   338  main.o(i.main)
    net_device_send_cmd                      0x080039d1   Thumb Code    58  esp8266_handler.o(i.net_device_send_cmd)
    oled_pow                                 0x08003a11   Thumb Code    16  oled.o(i.oled_pow)
    pvPortMalloc                             0x08003ebd   Thumb Code   172  heap_2.o(i.pvPortMalloc)
    pvTaskIncrementMutexHeldCount            0x08003f71   Thumb Code    18  tasks.o(i.pvTaskIncrementMutexHeldCount)
    pxPortInitialiseStack                    0x08003f89   Thumb Code    28  port.o(i.pxPortInitialiseStack)
    readChar                                 0x08003fa9   Thumb Code    12  mqttpacket.o(i.readChar)
    readInt                                  0x08003fb5   Thumb Code    18  mqttpacket.o(i.readInt)
    readMQTTLenString                        0x08003fc7   Thumb Code    52  mqttpacket.o(i.readMQTTLenString)
    stop_init                                0x08003ffd   Thumb Code    22  pub0sub1.o(i.stop_init)
    transport_close                          0x08004019   Thumb Code    14  transport.o(i.transport_close)
    transport_getdata                        0x0800402d   Thumb Code     6  transport.o(i.transport_getdata)
    transport_sendPacketBuffer               0x08004033   Thumb Code    40  transport.o(i.transport_sendPacketBuffer)
    uxListRemove                             0x0800405b   Thumb Code    36  list.o(i.uxListRemove)
    uxTaskGetSystemState                     0x08004081   Thumb Code   138  tasks.o(i.uxTaskGetSystemState)
    vAnalysisUartData                        0x08004119   Thumb Code   142  esp8266_handler.o(i.vAnalysisUartData)
    vCollectSensorTask                       0x08004215   Thumb Code    56  main.o(i.vCollectSensorTask)
    vEsp8266_Main_Task                       0x08004251   Thumb Code   260  esp8266_handler.o(i.vEsp8266_Main_Task)
    vKEYTask                                 0x08004421   Thumb Code    32  bsp_key_exti.o(i.vKEYTask)
    vKEYTask2                                0x08004455   Thumb Code    26  bsp_key_exti.o(i.vKEYTask2)
    vListInitialise                          0x08004479   Thumb Code    22  list.o(i.vListInitialise)
    vListInitialiseItem                      0x0800448f   Thumb Code     6  list.o(i.vListInitialiseItem)
    vListInsert                              0x08004495   Thumb Code    48  list.o(i.vListInsert)
    vListInsertEnd                           0x080044c5   Thumb Code    24  list.o(i.vListInsertEnd)
    vMQTT_Handler_Task                       0x080044dd   Thumb Code   170  pub0sub1.o(i.vMQTT_Handler_Task)
    vMQTT_Recive_Task                        0x08004621   Thumb Code   392  pub0sub1.o(i.vMQTT_Recive_Task)
    vPortEnterCritical                       0x08004809   Thumb Code    24  port.o(i.vPortEnterCritical)
    vPortExitCritical                        0x08004825   Thumb Code    16  port.o(i.vPortExitCritical)
    vPortFree                                0x08004839   Thumb Code    56  heap_2.o(i.vPortFree)
    vPortSetupTimerInterrupt                 0x08004875   Thumb Code    14  port.o(i.vPortSetupTimerInterrupt)
    vPortYield                               0x08004889   Thumb Code    18  port.o(i.vPortYield)
    vQueueWaitForMessageRestricted           0x080048a1   Thumb Code    60  queue.o(i.vQueueWaitForMessageRestricted)
    vTaskDelay                               0x080048dd   Thumb Code    66  tasks.o(i.vTaskDelay)
    vTaskList                                0x08004925   Thumb Code   176  tasks.o(i.vTaskList)
    vTaskMissedYield                         0x080049e9   Thumb Code     8  tasks.o(i.vTaskMissedYield)
    vTaskPlaceOnEventList                    0x080049f5   Thumb Code    70  tasks.o(i.vTaskPlaceOnEventList)
    vTaskPlaceOnEventListRestricted          0x08004a45   Thumb Code    72  tasks.o(i.vTaskPlaceOnEventListRestricted)
    vTaskPriorityInherit                     0x08004a95   Thumb Code   124  tasks.o(i.vTaskPriorityInherit)
    vTaskSetTimeOutState                     0x08004b19   Thumb Code    12  tasks.o(i.vTaskSetTimeOutState)
    vTaskStartScheduler                      0x08004b29   Thumb Code    62  tasks.o(i.vTaskStartScheduler)
    vTaskSuspendAll                          0x08004b79   Thumb Code    10  tasks.o(i.vTaskSuspendAll)
    vTaskSwitchContext                       0x08004b89   Thumb Code    60  tasks.o(i.vTaskSwitchContext)
    writeCString                             0x08004bcd   Thumb Code    40  mqttpacket.o(i.writeCString)
    writeChar                                0x08004bf5   Thumb Code    12  mqttpacket.o(i.writeChar)
    writeInt                                 0x08004c01   Thumb Code    30  mqttpacket.o(i.writeInt)
    writeMQTTString                          0x08004c1f   Thumb Code    54  mqttpacket.o(i.writeMQTTString)
    xPortGetFreeHeapSize                     0x08004c55   Thumb Code     6  heap_2.o(i.xPortGetFreeHeapSize)
    xPortStartScheduler                      0x08004c61   Thumb Code    38  port.o(i.xPortStartScheduler)
    xQueueGenericCreate                      0x08004c91   Thumb Code    72  queue.o(i.xQueueGenericCreate)
    xQueueGenericReceive                     0x08004cd9   Thumb Code   268  queue.o(i.xQueueGenericReceive)
    xQueueGenericReset                       0x08004de5   Thumb Code    96  queue.o(i.xQueueGenericReset)
    xQueueGenericSend                        0x08004e45   Thumb Code   224  queue.o(i.xQueueGenericSend)
    xQueueGenericSendFromISR                 0x08004f25   Thumb Code    98  queue.o(i.xQueueGenericSendFromISR)
    xTaskCheckForTimeOut                     0x08004f89   Thumb Code    66  tasks.o(i.xTaskCheckForTimeOut)
    xTaskGenericCreate                       0x08004fd1   Thumb Code   368  tasks.o(i.xTaskGenericCreate)
    xTaskGetSchedulerState                   0x0800514d   Thumb Code    22  tasks.o(i.xTaskGetSchedulerState)
    xTaskGetTickCount                        0x08005169   Thumb Code     6  tasks.o(i.xTaskGetTickCount)
    xTaskIncrementTick                       0x08005175   Thumb Code   172  tasks.o(i.xTaskIncrementTick)
    xTaskPriorityDisinherit                  0x08005229   Thumb Code   102  tasks.o(i.xTaskPriorityDisinherit)
    xTaskRemoveFromEventList                 0x08005299   Thumb Code    90  tasks.o(i.xTaskRemoveFromEventList)
    xTaskResumeAll                           0x080052fd   Thumb Code   150  tasks.o(i.xTaskResumeAll)
    xTimerCreate                             0x0800539d   Thumb Code    60  timers.o(i.xTimerCreate)
    xTimerCreateTimerTask                    0x080053d9   Thumb Code    46  timers.o(i.xTimerCreateTimerTask)
    xTimerGenericCommand                     0x08005419   Thumb Code    68  timers.o(i.xTimerGenericCommand)
    F6x8                                     0x08005460   Data         552  oled.o(.constdata)
    F8X16                                    0x08005688   Data        1520  oled.o(.constdata)
    Region$$Table$$Base                      0x08005cd0   Number         0  anon$$obj.o(Region$$Table)
    Region$$Table$$Limit                     0x08005cf0   Number         0  anon$$obj.o(Region$$Table)
    SystemCoreClock                          0x20000000   Data           4  system_stm32f10x.o(.data)
    AHBPrescTable                            0x20000004   Data          16  system_stm32f10x.o(.data)
    pxCurrentTCB                             0x20000044   Data           4  tasks.o(.data)
    recv_cb2                                 0x2000008c   Data           4  bsp_usart1.o(.data)
    Hzk                                      0x200000a0   Data        1248  oled.o(.data)
    lastSendOutTime                          0x20000580   Data           4  esp8266_handler.o(.data)
    g_esp_status_t                           0x20000585   Data           2  esp8266_handler.o(.data)
    Mqtt_status_step                         0x20000595   Data           1  pub0sub1.o(.data)
    send_time                                0x20000598   Data           4  pub0sub1.o(.data)
    toStop                                   0x2000059c   Data           4  pub0sub1.o(.data)
    xQueue_MQTT_Recv                         0x200005a0   Data           4  pub0sub1.o(.data)
    pingRespTickCount                        0x200005a4   Data           4  pub0sub1.o(.data)
    mqtt_status                              0x200005a8   Data           8  pub0sub1.o(.data)
    BMP2                                     0x200005b0   Data          32  pub0sub1.o(.data)
    BMP1                                     0x200005d0   Data          32  pub0sub1.o(.data)
    temperature                              0x200005f0   Data           1  main.o(.data)
    humidity                                 0x200005f1   Data           1  main.o(.data)
    xQueue_USART2_Cmd                        0x200005f4   Data           4  main.o(.data)
    __stdout                                 0x200005fc   Data           4  stdout.o(.data)
    Usart2_Rx_Buf                            0x20007f54   Data         256  bsp_usart1.o(.bss)
    mqttSubscribeData                        0x20008054   Data         200  esp8266_handler.o(.bss)
    netDeviceInfo_t                          0x2000813c   Data         104  esp8266_handler.o(.bss)
    gUsartReciveLineBuf                      0x200081a4   Data         200  esp8266_handler.o(.bss)
    pub_topicString                          0x200082ac   Data          12  pub0sub1.o(.bss)
    __initial_sp                             0x200088c0   Data           0  startup_stm32f10x_hd.o(STACK)



==============================================================================

Memory Map of the image

  Image Entry point : 0x08000131

  Load Region LR_IROM1 (Base: 0x08000000, Size: 0x000062f0, Max: 0x00080000, ABSOLUTE, COMPRESSED[0x00005f38])

    Execution Region ER_IROM1 (Base: 0x08000000, Size: 0x00005cf0, Max: 0x00080000, ABSOLUTE)

    Base Addr    Size         Type   Attr      Idx    E Section Name        Object

    0x08000000   0x00000130   Data   RO         1858    RESET               startup_stm32f10x_hd.o
    0x08000130   0x00000000   Code   RO         4046  * .ARM.Collect$$$$00000000  mc_w.l(entry.o)
    0x08000130   0x00000004   Code   RO         4331    .ARM.Collect$$$$00000001  mc_w.l(entry2.o)
    0x08000134   0x00000004   Code   RO         4334    .ARM.Collect$$$$00000004  mc_w.l(entry5.o)
    0x08000138   0x00000000   Code   RO         4336    .ARM.Collect$$$$00000008  mc_w.l(entry7b.o)
    0x08000138   0x00000000   Code   RO         4338    .ARM.Collect$$$$0000000A  mc_w.l(entry8b.o)
    0x08000138   0x00000008   Code   RO         4339    .ARM.Collect$$$$0000000B  mc_w.l(entry9a.o)
    0x08000140   0x00000000   Code   RO         4341    .ARM.Collect$$$$0000000D  mc_w.l(entry10a.o)
    0x08000140   0x00000000   Code   RO         4343    .ARM.Collect$$$$0000000F  mc_w.l(entry11a.o)
    0x08000140   0x00000004   Code   RO         4332    .ARM.Collect$$$$00002712  mc_w.l(entry2.o)
    0x08000144   0x000000a2   Code   RO         2057    .emb_text           port.o
    0x080001e6   0x00000002   PAD
    0x080001e8   0x00000024   Code   RO         1859    .text               startup_stm32f10x_hd.o
    0x0800020c   0x00000040   Code   RO         4049    .text               mc_w.l(signal.o)
    0x0800024c   0x00000024   Code   RO         4052    .text               mc_w.l(memcpya.o)
    0x08000270   0x00000024   Code   RO         4054    .text               mc_w.l(memseta.o)
    0x08000294   0x00000024   Code   RO         4056    .text               mc_w.l(strstr.o)
    0x080002b8   0x0000000e   Code   RO         4058    .text               mc_w.l(strlen.o)
    0x080002c6   0x00000012   Code   RO         4062    .text               mc_w.l(strcpy.o)
    0x080002d8   0x00000026   Code   RO         4329    .text               mf_w.l(f2d.o)
    0x080002fe   0x0000002c   Code   RO         4346    .text               mc_w.l(uidiv.o)
    0x0800032a   0x00000062   Code   RO         4348    .text               mc_w.l(uldiv.o)
    0x0800038c   0x00000000   Code   RO         4350    .text               mc_w.l(iusefp.o)
    0x0800038c   0x0000014e   Code   RO         4351    .text               mf_w.l(dadd.o)
    0x080004da   0x000000e4   Code   RO         4353    .text               mf_w.l(dmul.o)
    0x080005be   0x000000de   Code   RO         4355    .text               mf_w.l(ddiv.o)
    0x0800069c   0x00000030   Code   RO         4357    .text               mf_w.l(dfixul.o)
    0x080006cc   0x00000030   Code   RO         4359    .text               mf_w.l(cdrcmple.o)
    0x080006fc   0x00000024   Code   RO         4361    .text               mc_w.l(init.o)
    0x08000720   0x0000001e   Code   RO         4363    .text               mc_w.l(llshl.o)
    0x0800073e   0x00000020   Code   RO         4365    .text               mc_w.l(llushr.o)
    0x0800075e   0x00000024   Code   RO         4367    .text               mc_w.l(llsshr.o)
    0x08000782   0x000000ba   Code   RO         4369    .text               mf_w.l(depilogue.o)
    0x0800083c   0x00000056   Code   RO         4379    .text               mc_w.l(__dczerorl2.o)
    0x08000892   0x00000002   PAD
    0x08000894   0x0000011c   Code   RO         2653    i.BSP_Init          bsp.o
    0x080009b0   0x00000002   Code   RO         3905    i.BusFault_Handler  stm32f10x_it.o
    0x080009b2   0x00000002   PAD
    0x080009b4   0x000000ec   Code   RO         2654    i.COMMON_Show_Info  bsp.o
    0x08000aa0   0x00000094   Code   RO         3163    i.ConnectTcp        esp8266_handler.o
    0x08000b34   0x00000064   Code   RO         3950    i.DHT11_Check       dht11.o
    0x08000b98   0x0000003c   Code   RO         3951    i.DHT11_Init        dht11.o
    0x08000bd4   0x0000004c   Code   RO         3952    i.DHT11_Read_Bit    dht11.o
    0x08000c20   0x0000001a   Code   RO         3953    i.DHT11_Read_Byte   dht11.o
    0x08000c3a   0x00000050   Code   RO         3954    i.DHT11_Read_Data   dht11.o
    0x08000c8a   0x00000002   PAD
    0x08000c8c   0x0000003c   Code   RO         3955    i.DHT11_Rst         dht11.o
    0x08000cc8   0x00000016   Code   RO          367    i.DMA_Cmd           stm32f10x_dma.o
    0x08000cde   0x00000002   PAD
    0x08000ce0   0x000000e4   Code   RO          368    i.DMA_DeInit        stm32f10x_dma.o
    0x08000dc4   0x00000006   Code   RO          369    i.DMA_GetCurrDataCounter  stm32f10x_dma.o
    0x08000dca   0x0000003a   Code   RO          373    i.DMA_Init          stm32f10x_dma.o
    0x08000e04   0x00000004   Code   RO          374    i.DMA_SetCurrDataCounter  stm32f10x_dma.o
    0x08000e08   0x00000002   Code   RO         3906    i.DebugMon_Handler  stm32f10x_it.o
    0x08000e0a   0x00000012   Code   RO         2943    i.DelayUs           bsp_delay.o
    0x08000e1c   0x00000016   Code   RO         2944    i.DelayXms          bsp_delay.o
    0x08000e32   0x00000002   PAD
    0x08000e34   0x0000005c   Code   RO         2830    i.EXTI0_IRQHandler  bsp_key_exti.o
    0x08000e90   0x0000000c   Code   RO          438    i.EXTI_ClearITPendingBit  stm32f10x_exti.o
    0x08000e9c   0x00000020   Code   RO          442    i.EXTI_GetITStatus  stm32f10x_exti.o
    0x08000ebc   0x00000070   Code   RO          443    i.EXTI_Init         stm32f10x_exti.o
    0x08000f2c   0x00000014   Code   RO         3164    i.Esp8266_GetTcpStatus  esp8266_handler.o
    0x08000f40   0x0000004c   Code   RO         3165    i.Esp8266_Tcp_Send  esp8266_handler.o
    0x08000f8c   0x00000028   Code   RO          666    i.GPIO_EXTILineConfig  stm32f10x_gpio.o
    0x08000fb4   0x0000009c   Code   RO          669    i.GPIO_Init         stm32f10x_gpio.o
    0x08001050   0x00000058   Code   RO          671    i.GPIO_PinRemapConfig  stm32f10x_gpio.o
    0x080010a8   0x0000000e   Code   RO          673    i.GPIO_ReadInputDataBit  stm32f10x_gpio.o
    0x080010b6   0x00000004   Code   RO          676    i.GPIO_ResetBits    stm32f10x_gpio.o
    0x080010ba   0x00000004   Code   RO          677    i.GPIO_SetBits      stm32f10x_gpio.o
    0x080010be   0x00000002   PAD
    0x080010c0   0x0000004c   Code   RO         3907    i.HardFault_Handler  stm32f10x_it.o
    0x0800110c   0x00000034   Code   RO         2966    i.IIC_Start         oled.o
    0x08001140   0x0000002c   Code   RO         2967    i.IIC_Stop          oled.o
    0x0800116c   0x00000020   Code   RO         2968    i.IIC_Wait_Ack      oled.o
    0x0800118c   0x00000060   Code   RO         2831    i.KEY_EXTI_Config   bsp_key_exti.o
    0x080011ec   0x0000004c   Code   RO         2832    i.KEY_Init          bsp_key_exti.o
    0x08001238   0x00000094   Code   RO         2871    i.LED_Config        bsp_led.o
    0x080012cc   0x0000005c   Code   RO         3283    i.MQTTDeserialize_connack  mqttconnectclient.o
    0x08001328   0x0000008a   Code   RO         3371    i.MQTTDeserialize_publish  mqttdeserializepublish.o
    0x080013b2   0x0000007c   Code   RO         3596    i.MQTTDeserialize_suback  mqttsubscribeclient.o
    0x0800142e   0x00000036   Code   RO         3446    i.MQTTPacket_decode  mqttpacket.o
    0x08001464   0x00000014   Code   RO         3447    i.MQTTPacket_decodeBuf  mqttpacket.o
    0x08001478   0x00000028   Code   RO         3448    i.MQTTPacket_encode  mqttpacket.o
    0x080014a0   0x00000028   Code   RO         3450    i.MQTTPacket_len    mqttpacket.o
    0x080014c8   0x0000004e   Code   RO         3451    i.MQTTPacket_read   mqttpacket.o
    0x08001516   0x00000002   PAD
    0x08001518   0x00000118   Code   RO         3284    i.MQTTSerialize_connect  mqttconnectclient.o
    0x08001630   0x00000076   Code   RO         3285    i.MQTTSerialize_connectLength  mqttconnectclient.o
    0x080016a6   0x00000086   Code   RO         3557    i.MQTTSerialize_publish  mqttserializepublish.o
    0x0800172c   0x0000001e   Code   RO         3558    i.MQTTSerialize_publishLength  mqttserializepublish.o
    0x0800174a   0x0000008c   Code   RO         3597    i.MQTTSerialize_subscribe  mqttsubscribeclient.o
    0x080017d6   0x0000002c   Code   RO         3598    i.MQTTSerialize_subscribeLength  mqttsubscribeclient.o
    0x08001802   0x00000002   PAD
    0x08001804   0x0000016c   Code   RO         3680    i.MQTT_Connect      pub0sub1.o
    0x08001970   0x00000010   Code   RO         3681    i.MQTT_GetConnected  pub0sub1.o
    0x08001980   0x000000d4   Code   RO         3682    i.MQTT_Init         pub0sub1.o
    0x08001a54   0x0000009c   Code   RO         3684    i.MQTT_Publish      pub0sub1.o
    0x08001af0   0x0000006c   Code   RO         3166    i.MQTT_RB_Read      esp8266_handler.o
    0x08001b5c   0x00000168   Code   RO         3685    i.MQTT_Read         pub0sub1.o
    0x08001cc4   0x000000e4   Code   RO         3686    i.MQTT_Subscribe    pub0sub1.o
    0x08001da8   0x0000000e   Code   RO         3453    i.MQTTstrlen        mqttpacket.o
    0x08001db6   0x00000002   Code   RO         3908    i.MemManage_Handler  stm32f10x_it.o
    0x08001db8   0x0000000e   Code   RO         3687    i.MqttHandle        pub0sub1.o
    0x08001dc6   0x00000002   PAD
    0x08001dc8   0x000000dc   Code   RO         3688    i.MqttTranmitTask   pub0sub1.o
    0x08001ea4   0x00000070   Code   RO         3689    i.MqttXqueueGreat   pub0sub1.o
    0x08001f14   0x00000002   Code   RO         3909    i.NMI_Handler       stm32f10x_it.o
    0x08001f16   0x00000002   PAD
    0x08001f18   0x00000064   Code   RO          125    i.NVIC_Init         misc.o
    0x08001f7c   0x00000014   Code   RO          126    i.NVIC_PriorityGroupConfig  misc.o
    0x08001f90   0x0000001c   Code   RO         3167    i.NVIC_SystemReset  esp8266_handler.o
    0x08001fac   0x0000003a   Code   RO         2969    i.OLED_Clear        oled.o
    0x08001fe6   0x00000040   Code   RO         2972    i.OLED_DrawBMP      oled.o
    0x08002026   0x00000002   PAD
    0x08002028   0x00000140   Code   RO         2973    i.OLED_Init         oled.o
    0x08002168   0x0000002a   Code   RO         2975    i.OLED_Set_Pos      oled.o
    0x08002192   0x00000002   PAD
    0x08002194   0x00000050   Code   RO         2976    i.OLED_ShowCHinese  oled.o
    0x080021e4   0x00000088   Code   RO         2977    i.OLED_ShowChar     oled.o
    0x0800226c   0x0000006a   Code   RO         2978    i.OLED_ShowNum      oled.o
    0x080022d6   0x00000036   Code   RO         2979    i.OLED_ShowString   oled.o
    0x0800230c   0x0000000c   Code   RO         2980    i.OLED_WR_Byte      oled.o
    0x08002318   0x00000018   Code   RO          166    i.RCC_AHBPeriphClockCmd  stm32f10x_rcc.o
    0x08002330   0x00000018   Code   RO          167    i.RCC_APB1PeriphClockCmd  stm32f10x_rcc.o
    0x08002348   0x00000018   Code   RO          169    i.RCC_APB2PeriphClockCmd  stm32f10x_rcc.o
    0x08002360   0x00000094   Code   RO          177    i.RCC_GetClocksFreq  stm32f10x_rcc.o
    0x080023f4   0x00000030   Code   RO         2655    i.ReadChipID        bsp.o
    0x08002424   0x00000128   Code   RO         3168    i.ReconfigWIFI      esp8266_handler.o
    0x0800254c   0x00000018   Code   RO         2872    i.SetLedConnectNet  bsp_led.o
    0x08002564   0x000000a8   Code   RO           17    i.SetSysClockTo72   system_stm32f10x.o
    0x0800260c   0x0000001c   Code   RO         3690    i.SignHandler       pub0sub1.o
    0x08002628   0x00000018   Code   RO          129    i.SysTick_CLKSourceConfig  misc.o
    0x08002640   0x00000024   Code   RO         2058    i.SysTick_Handler   port.o
    0x08002664   0x00000050   Code   RO           19    i.SystemInit        system_stm32f10x.o
    0x080026b4   0x00000034   Code   RO         2730    i.USART1_IRQHandler  bsp_usart1.o
    0x080026e8   0x000000a8   Code   RO         2731    i.USART1_Init       bsp_usart1.o
    0x08002790   0x00000024   Code   RO         2733    i.USART1_SendChar   bsp_usart1.o
    0x080027b4   0x000000c8   Code   RO         2734    i.USART2_IRQHandler  bsp_usart1.o
    0x0800287c   0x00000120   Code   RO         2735    i.USART2_Init       bsp_usart1.o
    0x0800299c   0x00000030   Code   RO         2736    i.USART2_Send       bsp_usart1.o
    0x080029cc   0x00000030   Code   RO         2738    i.USART2_SendData   bsp_usart1.o
    0x080029fc   0x00000006   Code   RO         1454    i.USART_ClearFlag   stm32f10x_usart.o
    0x08002a02   0x0000000c   Code   RO         1455    i.USART_ClearITPendingBit  stm32f10x_usart.o
    0x08002a0e   0x00000014   Code   RO         1458    i.USART_Cmd         stm32f10x_usart.o
    0x08002a22   0x00000010   Code   RO         1459    i.USART_DMACmd      stm32f10x_usart.o
    0x08002a32   0x0000000e   Code   RO         1461    i.USART_GetFlagStatus  stm32f10x_usart.o
    0x08002a40   0x0000003e   Code   RO         1462    i.USART_GetITStatus  stm32f10x_usart.o
    0x08002a7e   0x00000030   Code   RO         1464    i.USART_ITConfig    stm32f10x_usart.o
    0x08002aae   0x00000002   PAD
    0x08002ab0   0x000000ac   Code   RO         1465    i.USART_Init        stm32f10x_usart.o
    0x08002b5c   0x00000008   Code   RO         1472    i.USART_ReceiveData  stm32f10x_usart.o
    0x08002b64   0x00000008   Code   RO         1475    i.USART_SendData    stm32f10x_usart.o
    0x08002b6c   0x00000002   Code   RO         3910    i.UsageFault_Handler  stm32f10x_it.o
    0x08002b6e   0x00000002   PAD
    0x08002b70   0x00000054   Code   RO         2981    i.Write_IIC_Byte    oled.o
    0x08002bc4   0x0000002e   Code   RO         2982    i.Write_IIC_Command  oled.o
    0x08002bf2   0x0000002e   Code   RO         2983    i.Write_IIC_Data    oled.o
    0x08002c20   0x00000020   Code   RO         4301    i.__0printf         mc_w.l(printfa.o)
    0x08002c40   0x00000028   Code   RO         4302    i.__0snprintf       mc_w.l(printfa.o)
    0x08002c68   0x00000028   Code   RO         4303    i.__0sprintf        mc_w.l(printfa.o)
    0x08002c90   0x0000000e   Code   RO         4373    i.__scatterload_copy  mc_w.l(handlers.o)
    0x08002c9e   0x00000002   Code   RO         4374    i.__scatterload_null  mc_w.l(handlers.o)
    0x08002ca0   0x0000000e   Code   RO         4375    i.__scatterload_zeroinit  mc_w.l(handlers.o)
    0x08002cae   0x00000002   PAD
    0x08002cb0   0x00000164   Code   RO         4308    i._fp_digits        mc_w.l(printfa.o)
    0x08002e14   0x000006dc   Code   RO         4309    i._printf_core      mc_w.l(printfa.o)
    0x080034f0   0x00000024   Code   RO         4310    i._printf_post_padding  mc_w.l(printfa.o)
    0x08003514   0x0000002e   Code   RO         4311    i._printf_pre_padding  mc_w.l(printfa.o)
    0x08003542   0x00000016   Code   RO         4312    i._snputc           mc_w.l(printfa.o)
    0x08003558   0x0000000a   Code   RO         4313    i._sputc            mc_w.l(printfa.o)
    0x08003562   0x00000002   PAD
    0x08003564   0x00000024   Code   RO         2915    i.bsp_InitDWT       bsp_dwt.o
    0x08003588   0x00000020   Code   RO         3454    i.bufchar           mqttpacket.o
    0x080035a8   0x0000001c   Code   RO         3691    i.cfinish           pub0sub1.o
    0x080035c4   0x000000cc   Code   RO         3170    i.check_esp8266_status  esp8266_handler.o
    0x08003690   0x0000003c   Code   RO         4020    i.delay_init        delay.o
    0x080036cc   0x00000034   Code   RO         4021    i.delay_ms          delay.o
    0x08003700   0x00000030   Code   RO         3171    i.esp8266_cmd_handle  esp8266_handler.o
    0x08003730   0x00000004   Code   RO         2804    i.fputc             bsp_printf.o
    0x08003734   0x000000ac   Code   RO         3172    i.getTcpConnect     esp8266_handler.o
    0x080037e0   0x000001f0   Code   RO         3872    i.main              main.o
    0x080039d0   0x00000040   Code   RO         3173    i.net_device_send_cmd  esp8266_handler.o
    0x08003a10   0x00000010   Code   RO         2985    i.oled_pow          oled.o
    0x08003a20   0x00000034   Code   RO         2263    i.prvAddCurrentTaskToDelayedList  tasks.o
    0x08003a54   0x00000040   Code   RO         2568    i.prvCheckForValidListAndQueue  timers.o
    0x08003a94   0x00000058   Code   RO         2264    i.prvCheckTasksWaitingTermination  tasks.o
    0x08003aec   0x00000026   Code   RO         2122    i.prvCopyDataFromQueue  queue.o
    0x08003b12   0x0000006e   Code   RO         2123    i.prvCopyDataToQueue  queue.o
    0x08003b80   0x00000018   Code   RO         2265    i.prvIdleTask       tasks.o
    0x08003b98   0x00000038   Code   RO         2569    i.prvInsertTimerInActiveList  timers.o
    0x08003bd0   0x0000008a   Code   RO         2266    i.prvListTaskWithinSingleList  tasks.o
    0x08003c5a   0x00000002   PAD
    0x08003c5c   0x00000098   Code   RO         2570    i.prvProcessReceivedCommands  timers.o
    0x08003cf4   0x00000094   Code   RO         2571    i.prvProcessTimerOrBlockTask  timers.o
    0x08003d88   0x00000020   Code   RO         2267    i.prvResetNextTaskUnblockTime  tasks.o
    0x08003da8   0x00000028   Code   RO         2572    i.prvSampleTimeNow  timers.o
    0x08003dd0   0x00000058   Code   RO         2573    i.prvSwitchTimerLists  timers.o
    0x08003e28   0x00000006   Code   RO         2059    i.prvTaskExitError  port.o
    0x08003e2e   0x00000002   PAD
    0x08003e30   0x00000028   Code   RO         2574    i.prvTimerTask      timers.o
    0x08003e58   0x00000064   Code   RO         2124    i.prvUnlockQueue    queue.o
    0x08003ebc   0x000000b4   Code   RO         1988    i.pvPortMalloc      heap_2.o
    0x08003f70   0x00000018   Code   RO         2269    i.pvTaskIncrementMutexHeldCount  tasks.o
    0x08003f88   0x00000020   Code   RO         2060    i.pxPortInitialiseStack  port.o
    0x08003fa8   0x0000000c   Code   RO         3456    i.readChar          mqttpacket.o
    0x08003fb4   0x00000012   Code   RO         3457    i.readInt           mqttpacket.o
    0x08003fc6   0x00000034   Code   RO         3458    i.readMQTTLenString  mqttpacket.o
    0x08003ffa   0x00000002   PAD
    0x08003ffc   0x0000001c   Code   RO         3692    i.stop_init         pub0sub1.o
    0x08004018   0x00000014   Code   RO         3830    i.transport_close   transport.o
    0x0800402c   0x00000006   Code   RO         3831    i.transport_getdata  transport.o
    0x08004032   0x00000028   Code   RO         3833    i.transport_sendPacketBuffer  transport.o
    0x0800405a   0x00000024   Code   RO         2021    i.uxListRemove      list.o
    0x0800407e   0x00000002   PAD
    0x08004080   0x00000098   Code   RO         2272    i.uxTaskGetSystemState  tasks.o
    0x08004118   0x000000fc   Code   RO         3176    i.vAnalysisUartData  esp8266_handler.o
    0x08004214   0x0000003c   Code   RO         3873    i.vCollectSensorTask  main.o
    0x08004250   0x000001d0   Code   RO         3177    i.vEsp8266_Main_Task  esp8266_handler.o
    0x08004420   0x00000034   Code   RO         2833    i.vKEYTask          bsp_key_exti.o
    0x08004454   0x00000024   Code   RO         2834    i.vKEYTask2         bsp_key_exti.o
    0x08004478   0x00000016   Code   RO         2022    i.vListInitialise   list.o
    0x0800448e   0x00000006   Code   RO         2023    i.vListInitialiseItem  list.o
    0x08004494   0x00000030   Code   RO         2024    i.vListInsert       list.o
    0x080044c4   0x00000018   Code   RO         2025    i.vListInsertEnd    list.o
    0x080044dc   0x00000144   Code   RO         3693    i.vMQTT_Handler_Task  pub0sub1.o
    0x08004620   0x000001e8   Code   RO         3694    i.vMQTT_Recive_Task  pub0sub1.o
    0x08004808   0x0000001c   Code   RO         2062    i.vPortEnterCritical  port.o
    0x08004824   0x00000014   Code   RO         2063    i.vPortExitCritical  port.o
    0x08004838   0x0000003c   Code   RO         1989    i.vPortFree         heap_2.o
    0x08004874   0x00000014   Code   RO         2064    i.vPortSetupTimerInterrupt  port.o
    0x08004888   0x00000018   Code   RO         2065    i.vPortYield        port.o
    0x080048a0   0x0000003c   Code   RO         2132    i.vQueueWaitForMessageRestricted  queue.o
    0x080048dc   0x00000048   Code   RO         2277    i.vTaskDelay        tasks.o
    0x08004924   0x000000c4   Code   RO         2281    i.vTaskList         tasks.o
    0x080049e8   0x0000000c   Code   RO         2282    i.vTaskMissedYield  tasks.o
    0x080049f4   0x00000050   Code   RO         2284    i.vTaskPlaceOnEventList  tasks.o
    0x08004a44   0x00000050   Code   RO         2285    i.vTaskPlaceOnEventListRestricted  tasks.o
    0x08004a94   0x00000084   Code   RO         2287    i.vTaskPriorityInherit  tasks.o
    0x08004b18   0x00000010   Code   RO         2291    i.vTaskSetTimeOutState  tasks.o
    0x08004b28   0x00000050   Code   RO         2292    i.vTaskStartScheduler  tasks.o
    0x08004b78   0x00000010   Code   RO         2294    i.vTaskSuspendAll   tasks.o
    0x08004b88   0x00000044   Code   RO         2295    i.vTaskSwitchContext  tasks.o
    0x08004bcc   0x00000028   Code   RO         3459    i.writeCString      mqttpacket.o
    0x08004bf4   0x0000000c   Code   RO         3460    i.writeChar         mqttpacket.o
    0x08004c00   0x0000001e   Code   RO         3461    i.writeInt          mqttpacket.o
    0x08004c1e   0x00000036   Code   RO         3462    i.writeMQTTString   mqttpacket.o
    0x08004c54   0x0000000c   Code   RO         1991    i.xPortGetFreeHeapSize  heap_2.o
    0x08004c60   0x00000030   Code   RO         2066    i.xPortStartScheduler  port.o
    0x08004c90   0x00000048   Code   RO         2134    i.xQueueGenericCreate  queue.o
    0x08004cd8   0x0000010c   Code   RO         2135    i.xQueueGenericReceive  queue.o
    0x08004de4   0x00000060   Code   RO         2136    i.xQueueGenericReset  queue.o
    0x08004e44   0x000000e0   Code   RO         2137    i.xQueueGenericSend  queue.o
    0x08004f24   0x00000062   Code   RO         2138    i.xQueueGenericSendFromISR  queue.o
    0x08004f86   0x00000002   PAD
    0x08004f88   0x00000048   Code   RO         2296    i.xTaskCheckForTimeOut  tasks.o
    0x08004fd0   0x0000017c   Code   RO         2297    i.xTaskGenericCreate  tasks.o
    0x0800514c   0x0000001c   Code   RO         2301    i.xTaskGetSchedulerState  tasks.o
    0x08005168   0x0000000c   Code   RO         2302    i.xTaskGetTickCount  tasks.o
    0x08005174   0x000000b4   Code   RO         2304    i.xTaskIncrementTick  tasks.o
    0x08005228   0x00000070   Code   RO         2307    i.xTaskPriorityDisinherit  tasks.o
    0x08005298   0x00000064   Code   RO         2308    i.xTaskRemoveFromEventList  tasks.o
    0x080052fc   0x000000a0   Code   RO         2310    i.xTaskResumeAll    tasks.o
    0x0800539c   0x0000003c   Code   RO         2577    i.xTimerCreate      timers.o
    0x080053d8   0x00000040   Code   RO         2578    i.xTimerCreateTimerTask  timers.o
    0x08005418   0x00000048   Code   RO         2579    i.xTimerGenericCommand  timers.o
    0x08005460   0x00000818   Data   RO         2986    .constdata          oled.o
    0x08005c78   0x00000058   Data   RO         3696    .constdata          pub0sub1.o
    0x08005cd0   0x00000020   Data   RO         4371    Region$$Table       anon$$obj.o


    Execution Region RW_IRAM1 (Base: 0x20000000, Size: 0x000088c0, Max: 0x00010000, ABSOLUTE, COMPRESSED[0x00000248])

    Base Addr    Size         Type   Attr      Idx    E Section Name        Object

    0x20000000   0x00000014   Data   RW           20    .data               system_stm32f10x.o
    0x20000014   0x00000014   Data   RW          197    .data               stm32f10x_rcc.o
    0x20000028   0x00000018   Data   RW         1993    .data               heap_2.o
    0x20000040   0x00000004   Data   RW         2067    .data               port.o
    0x20000044   0x00000038   Data   RW         2313    .data               tasks.o
    0x2000007c   0x00000010   Data   RW         2582    .data               timers.o
    0x2000008c   0x00000004   Data   RW         2741    .data               bsp_usart1.o
    0x20000090   0x00000010   Data   RW         2835    .data               bsp_key_exti.o
    0x200000a0   0x000004e0   Data   RW         2987    .data               oled.o
    0x20000580   0x00000004   Data   RW         3179    .data               esp8266_handler.o
    0x20000584   0x0000000a   Data   RW         3180    .data               esp8266_handler.o
    0x2000058e   0x00000002   PAD
    0x20000590   0x00000004   Data   RW         3463    .data               mqttpacket.o
    0x20000594   0x0000005c   Data   RW         3697    .data               pub0sub1.o
    0x200005f0   0x00000008   Data   RW         3874    .data               main.o
    0x200005f8   0x00000004   Data   RW         4023    .data               delay.o
    0x200005fc   0x00000004   Data   RW         4345    .data               mc_w.l(stdout.o)
    0x20000600   0x00007800   Zero   RW         1992    .bss                heap_2.o
    0x20007e00   0x0000012c   Zero   RW         2312    .bss                tasks.o
    0x20007f2c   0x00000028   Zero   RW         2581    .bss                timers.o
    0x20007f54   0x00000100   Zero   RW         2739    .bss                bsp_usart1.o
    0x20008054   0x00000218   Zero   RW         3178    .bss                esp8266_handler.o
    0x2000826c   0x0000023c   Zero   RW         3695    .bss                pub0sub1.o
    0x200084a8   0x00000018   Zero   RW         4050    .bss                mc_w.l(signal.o)
    0x200084c0   0x00000400   Zero   RW         1856    STACK               startup_stm32f10x_hd.o


==============================================================================

Image component sizes


      Code (inc. data)   RO Data    RW Data    ZI Data      Debug   Object Name

       568        380          0          0          0       2847   bsp.o
        40          0          0          0          0        981   bsp_delay.o
        36         10          0          0          0        462   bsp_dwt.o
       352         64          0         16          0       4247   bsp_key_exti.o
       172         16          0          0          0       2604   bsp_led.o
         4          0          0          0          0        488   bsp_printf.o
       840         64          0          4        256       5764   bsp_usart1.o
         0          0          0          0          0       4528   core_cm3.o
         0          0          0          0          0       9928   croutine.o
       112         20          0          4          0       1208   delay.o
       402         28          0          0          0       3928   dht11.o
      1880        896          0         14        536      25727   esp8266_handler.o
         0          0          0          0          0       3892   event_groups.o
       252         18          0         24      30720       3446   heap_2.o
       136          0          0          0          0       2978   list.o
       556        162          0          8          0       1461   main.o
       144         16          0          0          0       2029   misc.o
       490         18          0          0          0       5560   mqttconnectclient.o
       138          0          0          0          0       1430   mqttdeserializepublish.o
       496         20          0          4          0       9254   mqttpacket.o
       164          0          0          0          0       2082   mqttserializepublish.o
       308          0          0          0          0       2999   mqttsubscribeclient.o
      1192         42       2072       1248          0      10188   oled.o
       376         52          0          4          0       6521   port.o
      2578       1192         88         92        572      15872   pub0sub1.o
      1066          0          0          0          0      11406   queue.o
        36          8        304          0       1024        852   startup_stm32f10x_hd.o
       318         10          0          0          0       4492   stm32f10x_dma.o
       156         14          0          0          0       2124   stm32f10x_exti.o
       306         12          0          0          0       4720   stm32f10x_gpio.o
        86         50          0          0          0       2777   stm32f10x_it.o
       220         34          0         20          0       4998   stm32f10x_rcc.o
       366          6          0          0          0       7440   stm32f10x_usart.o
       248         24          0         20          0     242137   system_stm32f10x.o
      2306        204          0         56        300      20137   tasks.o
       784         68          0         16         40       8130   timers.o
        66          6          0          0          0       2315   transport.o

    ----------------------------------------------------------------------
     17232       3434       2496       1532      33448     441952   Object Totals
         0          0         32          0          0          0   (incl. Generated)
        38          0          0          2          0          0   (incl. Padding)

    ----------------------------------------------------------------------

      Code (inc. data)   RO Data    RW Data    ZI Data      Debug   Library Member Name

        86          0          0          0          0          0   __dczerorl2.o
         0          0          0          0          0          0   entry.o
         0          0          0          0          0          0   entry10a.o
         0          0          0          0          0          0   entry11a.o
         8          4          0          0          0          0   entry2.o
         4          0          0          0          0          0   entry5.o
         0          0          0          0          0          0   entry7b.o
         0          0          0          0          0          0   entry8b.o
         8          4          0          0          0          0   entry9a.o
        30          0          0          0          0          0   handlers.o
        36          8          0          0          0         68   init.o
         0          0          0          0          0          0   iusefp.o
        30          0          0          0          0         68   llshl.o
        36          0          0          0          0         68   llsshr.o
        32          0          0          0          0         68   llushr.o
        36          0          0          0          0         68   memcpya.o
        36          0          0          0          0        108   memseta.o
      2338        100          0          0          0        748   printfa.o
        64          6          0          0         24        144   signal.o
         0          0          0          4          0          0   stdout.o
        18          0          0          0          0         68   strcpy.o
        14          0          0          0          0         68   strlen.o
        36          0          0          0          0         80   strstr.o
        44          0          0          0          0         80   uidiv.o
        98          0          0          0          0         92   uldiv.o
        48          0          0          0          0         68   cdrcmple.o
       334          0          0          0          0        148   dadd.o
       222          0          0          0          0        100   ddiv.o
       186          0          0          0          0        176   depilogue.o
        48          0          0          0          0         68   dfixul.o
       228          0          0          0          0         96   dmul.o
        38          0          0          0          0         68   f2d.o

    ----------------------------------------------------------------------
      4064        122          0          4         24       2452   Library Totals
         6          0          0          0          0          0   (incl. Padding)

    ----------------------------------------------------------------------

      Code (inc. data)   RO Data    RW Data    ZI Data      Debug   Library Name

      2954        122          0          4         24       1728   mc_w.l
      1104          0          0          0          0        724   mf_w.l

    ----------------------------------------------------------------------
      4064        122          0          4         24       2452   Library Totals

    ----------------------------------------------------------------------

==============================================================================


      Code (inc. data)   RO Data    RW Data    ZI Data      Debug   

     21296       3556       2496       1536      33472     433092   Grand Totals
     21296       3556       2496        584      33472     433092   ELF Image Totals (compressed)
     21296       3556       2496        584          0          0   ROM Totals

==============================================================================

    Total RO  Size (Code + RO Data)                23792 (  23.23kB)
    Total RW  Size (RW Data + ZI Data)             35008 (  34.19kB)
    Total ROM Size (Code + RO Data + RW Data)      24376 (  23.80kB)

==============================================================================

